Archive member included to satisfy reference by file (symbol)

c:/st/stm32cubeide_1.9.0/stm32cubeide/plugins/com.st.stm32cube.ide.mcu.externaltools.gnu-tools-for-stm32.10.3-2021.10.win32_1.0.0.202111181127/tools/bin/../lib/gcc/arm-none-eabi/10.3.1/../../../../arm-none-eabi/lib/thumb/v7e-m+fp/hard\libc_nano.a(lib_a-errno.o)
                              ./Core/Src/syscalls.o (__errno)
c:/st/stm32cubeide_1.9.0/stm32cubeide/plugins/com.st.stm32cube.ide.mcu.externaltools.gnu-tools-for-stm32.10.3-2021.10.win32_1.0.0.202111181127/tools/bin/../lib/gcc/arm-none-eabi/10.3.1/../../../../arm-none-eabi/lib/thumb/v7e-m+fp/hard\libc_nano.a(lib_a-exit.o)
                              c:/st/stm32cubeide_1.9.0/stm32cubeide/plugins/com.st.stm32cube.ide.mcu.externaltools.gnu-tools-for-stm32.10.3-2021.10.win32_1.0.0.202111181127/tools/bin/../lib/gcc/arm-none-eabi/10.3.1/../../../../arm-none-eabi/lib/thumb/v7e-m+fp/hard/crt0.o (exit)
c:/st/stm32cubeide_1.9.0/stm32cubeide/plugins/com.st.stm32cube.ide.mcu.externaltools.gnu-tools-for-stm32.10.3-2021.10.win32_1.0.0.202111181127/tools/bin/../lib/gcc/arm-none-eabi/10.3.1/../../../../arm-none-eabi/lib/thumb/v7e-m+fp/hard\libc_nano.a(lib_a-impure.o)
                              c:/st/stm32cubeide_1.9.0/stm32cubeide/plugins/com.st.stm32cube.ide.mcu.externaltools.gnu-tools-for-stm32.10.3-2021.10.win32_1.0.0.202111181127/tools/bin/../lib/gcc/arm-none-eabi/10.3.1/../../../../arm-none-eabi/lib/thumb/v7e-m+fp/hard\libc_nano.a(lib_a-exit.o) (_global_impure_ptr)
c:/st/stm32cubeide_1.9.0/stm32cubeide/plugins/com.st.stm32cube.ide.mcu.externaltools.gnu-tools-for-stm32.10.3-2021.10.win32_1.0.0.202111181127/tools/bin/../lib/gcc/arm-none-eabi/10.3.1/../../../../arm-none-eabi/lib/thumb/v7e-m+fp/hard\libc_nano.a(lib_a-init.o)
                              c:/st/stm32cubeide_1.9.0/stm32cubeide/plugins/com.st.stm32cube.ide.mcu.externaltools.gnu-tools-for-stm32.10.3-2021.10.win32_1.0.0.202111181127/tools/bin/../lib/gcc/arm-none-eabi/10.3.1/../../../../arm-none-eabi/lib/thumb/v7e-m+fp/hard/crt0.o (__libc_init_array)
c:/st/stm32cubeide_1.9.0/stm32cubeide/plugins/com.st.stm32cube.ide.mcu.externaltools.gnu-tools-for-stm32.10.3-2021.10.win32_1.0.0.202111181127/tools/bin/../lib/gcc/arm-none-eabi/10.3.1/../../../../arm-none-eabi/lib/thumb/v7e-m+fp/hard\libc_nano.a(lib_a-memset.o)
                              c:/st/stm32cubeide_1.9.0/stm32cubeide/plugins/com.st.stm32cube.ide.mcu.externaltools.gnu-tools-for-stm32.10.3-2021.10.win32_1.0.0.202111181127/tools/bin/../lib/gcc/arm-none-eabi/10.3.1/../../../../arm-none-eabi/lib/thumb/v7e-m+fp/hard/crt0.o (memset)
c:/st/stm32cubeide_1.9.0/stm32cubeide/plugins/com.st.stm32cube.ide.mcu.externaltools.gnu-tools-for-stm32.10.3-2021.10.win32_1.0.0.202111181127/tools/bin/../lib/gcc/arm-none-eabi/10.3.1/../../../../arm-none-eabi/lib/thumb/v7e-m+fp/hard\libm.a(lib_a-w_sqrt.o)
                              ./Core/Src/main.o (sqrt)
c:/st/stm32cubeide_1.9.0/stm32cubeide/plugins/com.st.stm32cube.ide.mcu.externaltools.gnu-tools-for-stm32.10.3-2021.10.win32_1.0.0.202111181127/tools/bin/../lib/gcc/arm-none-eabi/10.3.1/../../../../arm-none-eabi/lib/thumb/v7e-m+fp/hard\libm.a(lib_a-e_sqrt.o)
                              c:/st/stm32cubeide_1.9.0/stm32cubeide/plugins/com.st.stm32cube.ide.mcu.externaltools.gnu-tools-for-stm32.10.3-2021.10.win32_1.0.0.202111181127/tools/bin/../lib/gcc/arm-none-eabi/10.3.1/../../../../arm-none-eabi/lib/thumb/v7e-m+fp/hard\libm.a(lib_a-w_sqrt.o) (__ieee754_sqrt)
c:/st/stm32cubeide_1.9.0/stm32cubeide/plugins/com.st.stm32cube.ide.mcu.externaltools.gnu-tools-for-stm32.10.3-2021.10.win32_1.0.0.202111181127/tools/bin/../lib/gcc/arm-none-eabi/10.3.1/thumb/v7e-m+fp/hard\libgcc.a(_arm_muldf3.o)
                              ./Core/Src/main.o (__aeabi_dmul)
c:/st/stm32cubeide_1.9.0/stm32cubeide/plugins/com.st.stm32cube.ide.mcu.externaltools.gnu-tools-for-stm32.10.3-2021.10.win32_1.0.0.202111181127/tools/bin/../lib/gcc/arm-none-eabi/10.3.1/thumb/v7e-m+fp/hard\libgcc.a(_arm_addsubdf3.o)
                              ./Core/Src/main.o (__aeabi_dsub)
c:/st/stm32cubeide_1.9.0/stm32cubeide/plugins/com.st.stm32cube.ide.mcu.externaltools.gnu-tools-for-stm32.10.3-2021.10.win32_1.0.0.202111181127/tools/bin/../lib/gcc/arm-none-eabi/10.3.1/thumb/v7e-m+fp/hard\libgcc.a(_arm_muldivdf3.o)
                              ./Core/Src/main.o (__aeabi_ddiv)
c:/st/stm32cubeide_1.9.0/stm32cubeide/plugins/com.st.stm32cube.ide.mcu.externaltools.gnu-tools-for-stm32.10.3-2021.10.win32_1.0.0.202111181127/tools/bin/../lib/gcc/arm-none-eabi/10.3.1/thumb/v7e-m+fp/hard\libgcc.a(_arm_cmpdf2.o)
                              c:/st/stm32cubeide_1.9.0/stm32cubeide/plugins/com.st.stm32cube.ide.mcu.externaltools.gnu-tools-for-stm32.10.3-2021.10.win32_1.0.0.202111181127/tools/bin/../lib/gcc/arm-none-eabi/10.3.1/../../../../arm-none-eabi/lib/thumb/v7e-m+fp/hard\libm.a(lib_a-w_sqrt.o) (__aeabi_dcmplt)
[...]
Memory Configuration

Name             Origin             Length             Attributes
RAM              0x0000000020000000 0x0000000000020000 xrw
FLASH            0x0000000008000000 0x0000000000080000 xr
*default*        0x0000000000000000 0xffffffffffffffff

Linker script and memory map

LOAD c:/st/stm32cubeide_1.9.0/stm32cubeide/plugins/com.st.stm32cube.ide.mcu.externaltools.gnu-tools-for-stm32.10.3-2021.10.win32_1.0.0.202111181127/tools/bin/../lib/gcc/arm-none-eabi/10.3.1/thumb/v7e-m+fp/hard/crti.o
LOAD c:/st/stm32cubeide_1.9.0/stm32cubeide/plugins/com.st.stm32cube.ide.mcu.externaltools.gnu-tools-for-stm32.10.3-2021.10.win32_1.0.0.202111181127/tools/bin/../lib/gcc/arm-none-eabi/10.3.1/thumb/v7e-m+fp/hard/crtbegin.o
LOAD c:/st/stm32cubeide_1.9.0/stm32cubeide/plugins/com.st.stm32cube.ide.mcu.externaltools.gnu-tools-for-stm32.10.3-2021.10.win32_1.0.0.202111181127/tools/bin/../lib/gcc/arm-none-eabi/10.3.1/../../../../arm-none-eabi/lib/thumb/v7e-m+fp/hard/crt0.o
LOAD ./Core/Src/main.o
LOAD ./Core/Src/stm32f4xx_hal_msp.o
LOAD ./Core/Src/stm32f4xx_it.o
LOAD ./Core/Src/syscalls.o
LOAD ./Core/Src/sysmem.o
LOAD ./Core/Src/system_stm32f4xx.o
LOAD ./Core/Startup/startup_stm32f411retx.o
LOAD ./Drivers/STM32F4xx_HAL_Driver/Src/stm32f4xx_hal.o
LOAD ./Drivers/STM32F4xx_HAL_Driver/Src/stm32f4xx_hal_cortex.o
LOAD ./Drivers/STM32F4xx_HAL_Driver/Src/stm32f4xx_hal_dma.o
LOAD ./Drivers/STM32F4xx_HAL_Driver/Src/stm32f4xx_hal_dma_ex.o
LOAD ./Drivers/STM32F4xx_HAL_Driver/Src/stm32f4xx_hal_exti.o
LOAD ./Drivers/STM32F4xx_HAL_Driver/Src/stm32f4xx_hal_flash.o
LOAD ./Drivers/STM32F4xx_HAL_Driver/Src/stm32f4xx_hal_flash_ex.o
LOAD ./Drivers/STM32F4xx_HAL_Driver/Src/stm32f4xx_hal_flash_ramfunc.o
LOAD ./Drivers/STM32F4xx_HAL_Driver/Src/stm32f4xx_hal_gpio.o
LOAD ./Drivers/STM32F4xx_HAL_Driver/Src/stm32f4xx_hal_i2c.o
LOAD ./Drivers/STM32F4xx_HAL_Driver/Src/stm32f4xx_hal_i2c_ex.o
LOAD ./Drivers/STM32F4xx_HAL_Driver/Src/stm32f4xx_hal_pwr.o
LOAD ./Drivers/STM32F4xx_HAL_Driver/Src/stm32f4xx_hal_pwr_ex.o
LOAD ./Drivers/STM32F4xx_HAL_Driver/Src/stm32f4xx_hal_rcc.o
LOAD ./Drivers/STM32F4xx_HAL_Driver/Src/stm32f4xx_hal_rcc_ex.o
LOAD ./Drivers/STM32F4xx_HAL_Driver/Src/stm32f4xx_hal_tim.o
LOAD ./Drivers/STM32F4xx_HAL_Driver/Src/stm32f4xx_hal_tim_ex.o
LOAD ./Drivers/STM32F4xx_HAL_Driver/Src/stm32f4xx_hal_uart.o
START GROUP
LOAD c:/st/stm32cubeide_1.9.0/stm32cubeide/plugins/com.st.stm32cube.ide.mcu.externaltools.gnu-tools-for-stm32.10.3-2021.10.win32_1.0.0.202111181127/tools/bin/../lib/gcc/arm-none-eabi/10.3.1/../../../../arm-none-eabi/lib/thumb/v7e-m+fp/hard\libc_nano.a
LOAD c:/st/stm32cubeide_1.9.0/stm32cubeide/plugins/com.st.stm32cube.ide.mcu.externaltools.gnu-tools-for-stm32.10.3-2021.10.win32_1.0.0.202111181127/tools/bin/../lib/gcc/arm-none-eabi/10.3.1/../../../../arm-none-eabi/lib/thumb/v7e-m+fp/hard\libm.a
END GROUP
START GROUP
LOAD c:/st/stm32cubeide_1.9.0/stm32cubeide/plugins/com.st.stm32cube.ide.mcu.externaltools.gnu-tools-for-stm32.10.3-2021.10.win32_1.0.0.202111181127/tools/bin/../lib/gcc/arm-none-eabi/10.3.1/thumb/v7e-m+fp/hard\libgcc.a
LOAD c:/st/stm32cubeide_1.9.0/stm32cubeide/plugins/com.st.stm32cube.ide.mcu.externaltools.gnu-tools-for-stm32.10.3-2021.10.win32_1.0.0.202111181127/tools/bin/../lib/gcc/arm-none-eabi/10.3.1/../../../../arm-none-eabi/lib/thumb/v7e-m+fp/hard\libc_nano.a
END GROUP
START GROUP
LOAD c:/st/stm32cubeide_1.9.0/stm32cubeide/plugins/com.st.stm32cube.ide.mcu.externaltools.gnu-tools-for-stm32.10.3-2021.10.win32_1.0.0.202111181127/tools/bin/../lib/gcc/arm-none-eabi/10.3.1/thumb/v7e-m+fp/hard\libgcc.a
LOAD c:/st/stm32cubeide_1.9.0/stm32cubeide/plugins/com.st.stm32cube.ide.mcu.externaltools.gnu-tools-for-stm32.10.3-2021.10.win32_1.0.0.202111181127/tools/bin/../lib/gcc/arm-none-eabi/10.3.1/../../../../arm-none-eabi/lib/thumb/v7e-m+fp/hard\libc_nano.a
LOAD c:/st/stm32cubeide_1.9.0/stm32cubeide/plugins/com.st.stm32cube.ide.mcu.externaltools.gnu-tools-for-stm32.10.3-2021.10.win32_1.0.0.202111181127/tools/bin/../lib/gcc/arm-none-eabi/10.3.1/../../../../arm-none-eabi/lib/thumb/v7e-m+fp/hard\libnosys.a
END GROUP
START GROUP
LOAD c:/st/stm32cubeide_1.9.0/stm32cubeide/plugins/com.st.stm32cube.ide.mcu.externaltools.gnu-tools-for-stm32.10.3-2021.10.win32_1.0.0.202111181127/tools/bin/../lib/gcc/arm-none-eabi/10.3.1/thumb/v7e-m+fp/hard\libgcc.a
LOAD c:/st/stm32cubeide_1.9.0/stm32cubeide/plugins/com.st.stm32cube.ide.mcu.externaltools.gnu-tools-for-stm32.10.3-2021.10.win32_1.0.0.202111181127/tools/bin/../lib/gcc/arm-none-eabi/10.3.1/../../../../arm-none-eabi/lib/thumb/v7e-m+fp/hard\libc_nano.a
LOAD c:/st/stm32cubeide_1.9.0/stm32cubeide/plugins/com.st.stm32cube.ide.mcu.externaltools.gnu-tools-for-stm32.10.3-2021.10.win32_1.0.0.202111181127/tools/bin/../lib/gcc/arm-none-eabi/10.3.1/../../../../arm-none-eabi/lib/thumb/v7e-m+fp/hard\libnosys.a
END GROUP
LOAD c:/st/stm32cubeide_1.9.0/stm32cubeide/plugins/com.st.stm32cube.ide.mcu.externaltools.gnu-tools-for-stm32.10.3-2021.10.win32_1.0.0.202111181127/tools/bin/../lib/gcc/arm-none-eabi/10.3.1/thumb/v7e-m+fp/hard/crtend.o
LOAD c:/st/stm32cubeide_1.9.0/stm32cubeide/plugins/com.st.stm32cube.ide.mcu.externaltools.gnu-tools-for-stm32.10.3-2021.10.win32_1.0.0.202111181127/tools/bin/../lib/gcc/arm-none-eabi/10.3.1/thumb/v7e-m+fp/hard/crtn.o
                0x0000000020020000                _estack = (ORIGIN (RAM) + LENGTH (RAM))
                0x0000000000000200                _Min_Heap_Size = 0x200
                0x0000000000000400                _Min_Stack_Size = 0x400

.isr_vector     0x0000000008000000      0x198
                0x0000000008000000                . = ALIGN (0x4)
 *(.isr_vector)
 .isr_vector    0x0000000008000000      0x198 ./Core/Startup/startup_stm32f411retx.o
                0x0000000008000000                g_pfnVectors
                0x0000000008000198                . = ALIGN (0x4)

.text           0x0000000008000198     0x93c4
                0x0000000008000198                . = ALIGN (0x4)
 *(.text)
 .text          0x0000000008000198       0x40 c:/st/stm32cubeide_1.9.0/stm32cubeide/plugins/com.st.stm32cube.ide.mcu.externaltools.gnu-tools-for-stm32.10.3-2021.10.win32_1.0.0.202111181127/tools/bin/../lib/gcc/arm-none-eabi/10.3.1/thumb/v7e-m+fp/hard/crtbegin.o
 .text          0x00000000080001d8      0x378 c:/st/stm32cubeide_1.9.0/stm32cubeide/plugins/com.st.stm32cube.ide.mcu.externaltools.gnu-tools-for-stm32.10.3-2021.10.win32_1.0.0.202111181127/tools/bin/../lib/gcc/arm-none-eabi/10.3.1/thumb/v7e-m+fp/hard\libgcc.a(_arm_addsubdf3.o)
                0x00000000080001d8                __aeabi_drsub
                0x00000000080001e0                __aeabi_dsub
                0x00000000080001e0                __subdf3
                0x00000000080001e4                __aeabi_dadd
                0x00000000080001e4                __adddf3
                0x000000000800045c                __floatunsidf
                0x000000000800045c                __aeabi_ui2d
                0x000000000800047c                __floatsidf
                0x000000000800047c                __aeabi_i2d
                0x00000000080004a0                __aeabi_f2d
                0x00000000080004a0                __extendsfdf2
                0x00000000080004e4                __floatundidf
                0x00000000080004e4                __aeabi_ul2d
                0x00000000080004f4                __floatdidf
                0x00000000080004f4                __aeabi_l2d
 .text          0x0000000008000550      0x424 c:/st/stm32cubeide_1.9.0/stm32cubeide/plugins/com.st.stm32cube.ide.mcu.externaltools.gnu-tools-for-stm32.10.3-2021.10.win32_1.0.0.202111181127/tools/bin/../lib/gcc/arm-none-eabi/10.3.1/thumb/v7e-m+fp/hard\libgcc.a(_arm_muldivdf3.o)
                0x0000000008000550                __aeabi_dmul
                0x0000000008000550                __muldf3
                0x00000000080007a4                __divdf3
                0x00000000080007a4                __aeabi_ddiv
 .text          0x0000000008000974      0x110 c:/st/stm32cubeide_1.9.0/stm32cubeide/plugins/com.st.stm32cube.ide.mcu.externaltools.gnu-tools-for-stm32.10.3-2021.10.win32_1.0.0.202111181127/tools/bin/../lib/gcc/arm-none-eabi/10.3.1/thumb/v7e-m+fp/hard\libgcc.a(_arm_cmpdf2.o)
                0x0000000008000974                __gtdf2
                0x0000000008000974                __gedf2
                0x000000000800097c                __ltdf2
                0x000000000800097c                __ledf2
                0x0000000008000984                __nedf2
                0x0000000008000984                __eqdf2
                0x0000000008000984                __cmpdf2
                0x0000000008000a00                __aeabi_cdrcmple
                0x0000000008000a10                __aeabi_cdcmpeq
                0x0000000008000a10                __aeabi_cdcmple
                0x0000000008000a20                __aeabi_dcmpeq
                0x0000000008000a34                __aeabi_dcmplt
                0x0000000008000a48                __aeabi_dcmple
                0x0000000008000a5c                __aeabi_dcmpge
                0x0000000008000a70                __aeabi_dcmpgt
 .text          0x0000000008000a84       0x2c c:/st/stm32cubeide_1.9.0/stm32cubeide/plugins/com.st.stm32cube.ide.mcu.externaltools.gnu-tools-for-stm32.10.3-2021.10.win32_1.0.0.202111181127/tools/bin/../lib/gcc/arm-none-eabi/10.3.1/thumb/v7e-m+fp/hard\libgcc.a(_arm_unorddf2.o)
                0x0000000008000a84                __unorddf2
                0x0000000008000a84                __aeabi_dcmpun
 .text          0x0000000008000ab0       0xa0 c:/st/stm32cubeide_1.9.0/stm32cubeide/plugins/com.st.stm32cube.ide.mcu.externaltools.gnu-tools-for-stm32.10.3-2021.10.win32_1.0.0.202111181127/tools/bin/../lib/gcc/arm-none-eabi/10.3.1/thumb/v7e-m+fp/hard\libgcc.a(_arm_truncdfsf2.o)
                0x0000000008000ab0                __truncdfsf2
                0x0000000008000ab0                __aeabi_d2f
 .text          0x0000000008000b50      0x21c c:/st/stm32cubeide_1.9.0/stm32cubeide/plugins/com.st.stm32cube.ide.mcu.externaltools.gnu-tools-for-stm32.10.3-2021.10.win32_1.0.0.202111181127/tools/bin/../lib/gcc/arm-none-eabi/10.3.1/thumb/v7e-m+fp/hard\libgcc.a(_arm_addsubsf3.o)
                0x0000000008000b50                __aeabi_frsub
                0x0000000008000b58                __subsf3
                0x0000000008000b58                __aeabi_fsub
                0x0000000008000b5c                __aeabi_fadd
                0x0000000008000b5c                __addsf3
                0x0000000008000cbc                __aeabi_ui2f
                0x0000000008000cbc                __floatunsisf
                0x0000000008000cc4                __aeabi_i2f
                0x0000000008000cc4                __floatsisf
                0x0000000008000ce0                __aeabi_ul2f
                0x0000000008000ce0                __floatundisf
                0x0000000008000cf0                __aeabi_l2f
                0x0000000008000cf0                __floatdisf
 .text          0x0000000008000d6c       0x30 c:/st/stm32cubeide_1.9.0/stm32cubeide/plugins/com.st.stm32cube.ide.mcu.externaltools.gnu-tools-for-stm32.10.3-2021.10.win32_1.0.0.202111181127/tools/bin/../lib/gcc/arm-none-eabi/10.3.1/thumb/v7e-m+fp/hard\libgcc.a(_aeabi_uldivmod.o)
                0x0000000008000d6c                __aeabi_uldivmod
 .text          0x0000000008000d9c      0x2d0 c:/st/stm32cubeide_1.9.0/stm32cubeide/plugins/com.st.stm32cube.ide.mcu.externaltools.gnu-tools-for-stm32.10.3-2021.10.win32_1.0.0.202111181127/tools/bin/../lib/gcc/arm-none-eabi/10.3.1/thumb/v7e-m+fp/hard\libgcc.a(_udivmoddi4.o)
                0x0000000008000d9c                __udivmoddi4
 .text          0x000000000800106c        0x4 c:/st/stm32cubeide_1.9.0/stm32cubeide/plugins/com.st.stm32cube.ide.mcu.externaltools.gnu-tools-for-stm32.10.3-2021.10.win32_1.0.0.202111181127/tools/bin/../lib/gcc/arm-none-eabi/10.3.1/thumb/v7e-m+fp/hard\libgcc.a(_dvmd_tls.o)
                0x000000000800106c                __aeabi_idiv0
                0x000000000800106c                __aeabi_ldiv0
 *(.text*)
 .text.main     0x0000000008001070     0x16a0 ./Core/Src/main.o
                0x0000000008001070                main
 .text.SystemClock_Config
                0x0000000008002710       0xd0 ./Core/Src/main.o
                0x0000000008002710                SystemClock_Config
 .text.MX_I2C1_Init
                0x00000000080027e0       0x5c ./Core/Src/main.o
 .text.MX_TIM1_Init
                0x000000000800283c       0xb0 ./Core/Src/main.o
 .text.MX_TIM2_Init
                0x00000000080028ec      0x100 ./Core/Src/main.o
 .text.MX_TIM4_Init
                0x00000000080029ec       0xec ./Core/Src/main.o
 .text.MX_TIM5_Init
                0x0000000008002ad8       0x9c ./Core/Src/main.o
 .text.MX_USART2_UART_Init
                0x0000000008002b74       0x58 ./Core/Src/main.o
 .text.MX_DMA_Init
                0x0000000008002bcc       0x40 ./Core/Src/main.o
 .text.MX_GPIO_Init
                0x0000000008002c0c      0x128 ./Core/Src/main.o
 *fill*         0x0000000008002d34        0x4 
 .text.uartprotocol
                0x0000000008002d38      0x7bc ./Core/Src/main.o
                0x0000000008002d38                uartprotocol
 .text.sendAck  0x00000000080034f4       0x48 ./Core/Src/main.o
                0x00000000080034f4                sendAck
 .text.EndEffector
                0x000000000800353c       0x30 ./Core/Src/main.o
                0x000000000800353c                EndEffector
 .text.HAL_GPIO_EXTI_Callback
                0x000000000800356c       0x28 ./Core/Src/main.o
                0x000000000800356c                HAL_GPIO_EXTI_Callback
 .text.EncoderVelocity_Update
                0x0000000008003594       0xa8 ./Core/Src/main.o
                0x0000000008003594                EncoderVelocity_Update
 .text.HAL_TIM_PeriodElapsedCallback
                0x000000000800363c       0x34 ./Core/Src/main.o
                0x000000000800363c                HAL_TIM_PeriodElapsedCallback
 .text.micros   0x0000000008003670       0x34 ./Core/Src/main.o
                0x0000000008003670                micros
 .text.Error_Handler
                0x00000000080036a4        0xa ./Core/Src/main.o
                0x00000000080036a4                Error_Handler
 *fill*         0x00000000080036ae        0x2 
 .text.HAL_MspInit
                0x00000000080036b0       0x50 ./Core/Src/stm32f4xx_hal_msp.o
                0x00000000080036b0                HAL_MspInit
 .text.HAL_I2C_MspInit
                0x0000000008003700       0xb0 ./Core/Src/stm32f4xx_hal_msp.o
                0x0000000008003700                HAL_I2C_MspInit
 .text.HAL_TIM_Encoder_MspInit
                0x00000000080037b0       0x90 ./Core/Src/stm32f4xx_hal_msp.o
                0x00000000080037b0                HAL_TIM_Encoder_MspInit
 .text.HAL_TIM_Base_MspInit
                0x0000000008003840       0xa4 ./Core/Src/stm32f4xx_hal_msp.o
                0x0000000008003840                HAL_TIM_Base_MspInit
 .text.HAL_TIM_MspPostInit
                0x00000000080038e4       0xfc ./Core/Src/stm32f4xx_hal_msp.o
                0x00000000080038e4                HAL_TIM_MspPostInit
 .text.HAL_UART_MspInit
                0x00000000080039e0      0x104 ./Core/Src/stm32f4xx_hal_msp.o
                0x00000000080039e0                HAL_UART_MspInit
 .text.NMI_Handler
                0x0000000008003ae4        0x6 ./Core/Src/stm32f4xx_it.o
                0x0000000008003ae4                NMI_Handler
 .text.HardFault_Handler
                0x0000000008003aea        0x6 ./Core/Src/stm32f4xx_it.o
                0x0000000008003aea                HardFault_Handler
 .text.MemManage_Handler
                0x0000000008003af0        0x6 ./Core/Src/stm32f4xx_it.o
                0x0000000008003af0                MemManage_Handler
 .text.BusFault_Handler
                0x0000000008003af6        0x6 ./Core/Src/stm32f4xx_it.o
                0x0000000008003af6                BusFault_Handler
 .text.UsageFault_Handler
                0x0000000008003afc        0x6 ./Core/Src/stm32f4xx_it.o
                0x0000000008003afc                UsageFault_Handler
 .text.SVC_Handler
                0x0000000008003b02        0xe ./Core/Src/stm32f4xx_it.o
                0x0000000008003b02                SVC_Handler
 .text.DebugMon_Handler
                0x0000000008003b10        0xe ./Core/Src/stm32f4xx_it.o
                0x0000000008003b10                DebugMon_Handler
 .text.PendSV_Handler
                0x0000000008003b1e        0xe ./Core/Src/stm32f4xx_it.o
                0x0000000008003b1e                PendSV_Handler
 .text.SysTick_Handler
                0x0000000008003b2c        0xc ./Core/Src/stm32f4xx_it.o
                0x0000000008003b2c                SysTick_Handler
 .text.EXTI0_IRQHandler
                0x0000000008003b38        0xe ./Core/Src/stm32f4xx_it.o
                0x0000000008003b38                EXTI0_IRQHandler
 *fill*         0x0000000008003b46        0x2 
 .text.DMA1_Stream5_IRQHandler
                0x0000000008003b48       0x14 ./Core/Src/stm32f4xx_it.o
                0x0000000008003b48                DMA1_Stream5_IRQHandler
 .text.I2C1_EV_IRQHandler
                0x0000000008003b5c       0x14 ./Core/Src/stm32f4xx_it.o
                0x0000000008003b5c                I2C1_EV_IRQHandler
 .text.I2C1_ER_IRQHandler
                0x0000000008003b70       0x14 ./Core/Src/stm32f4xx_it.o
                0x0000000008003b70                I2C1_ER_IRQHandler
 .text.USART2_IRQHandler
                0x0000000008003b84       0x14 ./Core/Src/stm32f4xx_it.o
                0x0000000008003b84                USART2_IRQHandler
 .text.TIM5_IRQHandler
                0x0000000008003b98       0x14 ./Core/Src/stm32f4xx_it.o
                0x0000000008003b98                TIM5_IRQHandler
 .text.SystemInit
                0x0000000008003bac       0x2c ./Core/Src/system_stm32f4xx.o
                0x0000000008003bac                SystemInit
 .text.Reset_Handler
                0x0000000008003bd8       0x50 ./Core/Startup/startup_stm32f411retx.o
                0x0000000008003bd8                Reset_Handler
 .text.Default_Handler
                0x0000000008003c28        0x2 ./Core/Startup/startup_stm32f411retx.o
                0x0000000008003c28                RTC_Alarm_IRQHandler
                0x0000000008003c28                EXTI2_IRQHandler
                0x0000000008003c28                SPI4_IRQHandler
                0x0000000008003c28                TIM1_CC_IRQHandler
                0x0000000008003c28                DMA2_Stream5_IRQHandler
                0x0000000008003c28                PVD_IRQHandler
                0x0000000008003c28                SDIO_IRQHandler
                0x0000000008003c28                TAMP_STAMP_IRQHandler
                0x0000000008003c28                EXTI3_IRQHandler
                0x0000000008003c28                TIM1_UP_TIM10_IRQHandler
                0x0000000008003c28                I2C3_ER_IRQHandler
                0x0000000008003c28                I2C2_EV_IRQHandler
                0x0000000008003c28                DMA1_Stream2_IRQHandler
                0x0000000008003c28                FPU_IRQHandler
                0x0000000008003c28                DMA2_Stream2_IRQHandler
                0x0000000008003c28                SPI1_IRQHandler
                0x0000000008003c28                TIM1_BRK_TIM9_IRQHandler
                0x0000000008003c28                DMA2_Stream3_IRQHandler
                0x0000000008003c28                USART6_IRQHandler
                0x0000000008003c28                DMA2_Stream0_IRQHandler
                0x0000000008003c28                TIM4_IRQHandler
                0x0000000008003c28                DMA1_Stream6_IRQHandler
                0x0000000008003c28                DMA1_Stream1_IRQHandler
                0x0000000008003c28                TIM3_IRQHandler
                0x0000000008003c28                RCC_IRQHandler
                0x0000000008003c28                Default_Handler
                0x0000000008003c28                EXTI15_10_IRQHandler
                0x0000000008003c28                ADC_IRQHandler
                0x0000000008003c28                DMA1_Stream7_IRQHandler
                0x0000000008003c28                SPI5_IRQHandler
                0x0000000008003c28                DMA2_Stream7_IRQHandler
                0x0000000008003c28                I2C3_EV_IRQHandler
                0x0000000008003c28                EXTI9_5_IRQHandler
                0x0000000008003c28                RTC_WKUP_IRQHandler
                0x0000000008003c28                SPI2_IRQHandler
                0x0000000008003c28                DMA1_Stream0_IRQHandler
                0x0000000008003c28                EXTI4_IRQHandler
                0x0000000008003c28                WWDG_IRQHandler
                0x0000000008003c28                TIM2_IRQHandler
                0x0000000008003c28                OTG_FS_WKUP_IRQHandler
                0x0000000008003c28                TIM1_TRG_COM_TIM11_IRQHandler
                0x0000000008003c28                EXTI1_IRQHandler
                0x0000000008003c28                I2C2_ER_IRQHandler
                0x0000000008003c28                DMA2_Stream1_IRQHandler
                0x0000000008003c28                FLASH_IRQHandler
                0x0000000008003c28                DMA2_Stream4_IRQHandler
                0x0000000008003c28                USART1_IRQHandler
                0x0000000008003c28                OTG_FS_IRQHandler
                0x0000000008003c28                SPI3_IRQHandler
                0x0000000008003c28                DMA1_Stream4_IRQHandler
                0x0000000008003c28                DMA2_Stream6_IRQHandler
                0x0000000008003c28                DMA1_Stream3_IRQHandler
 *fill*         0x0000000008003c2a        0x2 
 .text.HAL_Init
                0x0000000008003c2c       0x44 ./Drivers/STM32F4xx_HAL_Driver/Src/stm32f4xx_hal.o
                0x0000000008003c2c                HAL_Init
 .text.HAL_InitTick
                0x0000000008003c70       0x60 ./Drivers/STM32F4xx_HAL_Driver/Src/stm32f4xx_hal.o
                0x0000000008003c70                HAL_InitTick
 .text.HAL_IncTick
                0x0000000008003cd0       0x28 ./Drivers/STM32F4xx_HAL_Driver/Src/stm32f4xx_hal.o
                0x0000000008003cd0                HAL_IncTick
 .text.HAL_GetTick
                0x0000000008003cf8       0x18 ./Drivers/STM32F4xx_HAL_Driver/Src/stm32f4xx_hal.o
                0x0000000008003cf8                HAL_GetTick
 .text.HAL_Delay
                0x0000000008003d10       0x48 ./Drivers/STM32F4xx_HAL_Driver/Src/stm32f4xx_hal.o
                0x0000000008003d10                HAL_Delay
 .text.__NVIC_SetPriorityGrouping
                0x0000000008003d58       0x48 ./Drivers/STM32F4xx_HAL_Driver/Src/stm32f4xx_hal_cortex.o
 .text.__NVIC_GetPriorityGrouping
                0x0000000008003da0       0x1c ./Drivers/STM32F4xx_HAL_Driver/Src/stm32f4xx_hal_cortex.o
 .text.__NVIC_EnableIRQ
                0x0000000008003dbc       0x3c ./Drivers/STM32F4xx_HAL_Driver/Src/stm32f4xx_hal_cortex.o
 .text.__NVIC_SetPriority
                0x0000000008003df8       0x54 ./Drivers/STM32F4xx_HAL_Driver/Src/stm32f4xx_hal_cortex.o
 .text.NVIC_EncodePriority
                0x0000000008003e4c       0x66 ./Drivers/STM32F4xx_HAL_Driver/Src/stm32f4xx_hal_cortex.o
 *fill*         0x0000000008003eb2        0x2 
 .text.SysTick_Config
                0x0000000008003eb4       0x44 ./Drivers/STM32F4xx_HAL_Driver/Src/stm32f4xx_hal_cortex.o
 .text.HAL_NVIC_SetPriorityGrouping
                0x0000000008003ef8       0x16 ./Drivers/STM32F4xx_HAL_Driver/Src/stm32f4xx_hal_cortex.o
                0x0000000008003ef8                HAL_NVIC_SetPriorityGrouping
 .text.HAL_NVIC_SetPriority
                0x0000000008003f0e       0x38 ./Drivers/STM32F4xx_HAL_Driver/Src/stm32f4xx_hal_cortex.o
                0x0000000008003f0e                HAL_NVIC_SetPriority
 .text.HAL_NVIC_EnableIRQ
                0x0000000008003f46       0x1c ./Drivers/STM32F4xx_HAL_Driver/Src/stm32f4xx_hal_cortex.o
                0x0000000008003f46                HAL_NVIC_EnableIRQ
 .text.HAL_SYSTICK_Config
                0x0000000008003f62       0x18 ./Drivers/STM32F4xx_HAL_Driver/Src/stm32f4xx_hal_cortex.o
                0x0000000008003f62                HAL_SYSTICK_Config
 *fill*         0x0000000008003f7a        0x2 
 .text.HAL_DMA_Init
                0x0000000008003f7c      0x15c ./Drivers/STM32F4xx_HAL_Driver/Src/stm32f4xx_hal_dma.o
                0x0000000008003f7c                HAL_DMA_Init
 .text.HAL_DMA_Start_IT
                0x00000000080040d8       0xb0 ./Drivers/STM32F4xx_HAL_Driver/Src/stm32f4xx_hal_dma.o
                0x00000000080040d8                HAL_DMA_Start_IT
 .text.HAL_DMA_Abort_IT
                0x0000000008004188       0x44 ./Drivers/STM32F4xx_HAL_Driver/Src/stm32f4xx_hal_dma.o
                0x0000000008004188                HAL_DMA_Abort_IT
 .text.HAL_DMA_IRQHandler
                0x00000000080041cc      0x314 ./Drivers/STM32F4xx_HAL_Driver/Src/stm32f4xx_hal_dma.o
                0x00000000080041cc                HAL_DMA_IRQHandler
 .text.HAL_DMA_GetState
                0x00000000080044e0       0x1c ./Drivers/STM32F4xx_HAL_Driver/Src/stm32f4xx_hal_dma.o
                0x00000000080044e0                HAL_DMA_GetState
 .text.DMA_SetConfig
                0x00000000080044fc       0x5c ./Drivers/STM32F4xx_HAL_Driver/Src/stm32f4xx_hal_dma.o
 .text.DMA_CalcBaseAndBitshift
                0x0000000008004558       0x6c ./Drivers/STM32F4xx_HAL_Driver/Src/stm32f4xx_hal_dma.o
 .text.DMA_CheckFifoParam
                0x00000000080045c4       0xf8 ./Drivers/STM32F4xx_HAL_Driver/Src/stm32f4xx_hal_dma.o
 .text.HAL_GPIO_Init
                0x00000000080046bc      0x308 ./Drivers/STM32F4xx_HAL_Driver/Src/stm32f4xx_hal_gpio.o
                0x00000000080046bc                HAL_GPIO_Init
 .text.HAL_GPIO_ReadPin
                0x00000000080049c4       0x30 ./Drivers/STM32F4xx_HAL_Driver/Src/stm32f4xx_hal_gpio.o
                0x00000000080049c4                HAL_GPIO_ReadPin
 .text.HAL_GPIO_WritePin
                0x00000000080049f4       0x32 ./Drivers/STM32F4xx_HAL_Driver/Src/stm32f4xx_hal_gpio.o
                0x00000000080049f4                HAL_GPIO_WritePin
 *fill*         0x0000000008004a26        0x2 
 .text.HAL_GPIO_EXTI_IRQHandler
                0x0000000008004a28       0x30 ./Drivers/STM32F4xx_HAL_Driver/Src/stm32f4xx_hal_gpio.o
                0x0000000008004a28                HAL_GPIO_EXTI_IRQHandler
 .text.HAL_I2C_Init
                0x0000000008004a58      0x288 ./Drivers/STM32F4xx_HAL_Driver/Src/stm32f4xx_hal_i2c.o
                0x0000000008004a58                HAL_I2C_Init
 .text.HAL_I2C_Master_Transmit_IT
                0x0000000008004ce0      0x14c ./Drivers/STM32F4xx_HAL_Driver/Src/stm32f4xx_hal_i2c.o
                0x0000000008004ce0                HAL_I2C_Master_Transmit_IT
 .text.HAL_I2C_EV_IRQHandler
                0x0000000008004e2c      0x2da ./Drivers/STM32F4xx_HAL_Driver/Src/stm32f4xx_hal_i2c.o
                0x0000000008004e2c                HAL_I2C_EV_IRQHandler
 .text.HAL_I2C_ER_IRQHandler
                0x0000000008005106      0x14e ./Drivers/STM32F4xx_HAL_Driver/Src/stm32f4xx_hal_i2c.o
                0x0000000008005106                HAL_I2C_ER_IRQHandler
 .text.HAL_I2C_MasterTxCpltCallback
                0x0000000008005254       0x14 ./Drivers/STM32F4xx_HAL_Driver/Src/stm32f4xx_hal_i2c.o
                0x0000000008005254                HAL_I2C_MasterTxCpltCallback
 .text.HAL_I2C_MasterRxCpltCallback
                0x0000000008005268       0x14 ./Drivers/STM32F4xx_HAL_Driver/Src/stm32f4xx_hal_i2c.o
                0x0000000008005268                HAL_I2C_MasterRxCpltCallback
 .text.HAL_I2C_SlaveTxCpltCallback
                0x000000000800527c       0x14 ./Drivers/STM32F4xx_HAL_Driver/Src/stm32f4xx_hal_i2c.o
                0x000000000800527c                HAL_I2C_SlaveTxCpltCallback
 .text.HAL_I2C_SlaveRxCpltCallback
                0x0000000008005290       0x14 ./Drivers/STM32F4xx_HAL_Driver/Src/stm32f4xx_hal_i2c.o
                0x0000000008005290                HAL_I2C_SlaveRxCpltCallback
 .text.HAL_I2C_AddrCallback
                0x00000000080052a4       0x1c ./Drivers/STM32F4xx_HAL_Driver/Src/stm32f4xx_hal_i2c.o
                0x00000000080052a4                HAL_I2C_AddrCallback
 .text.HAL_I2C_ListenCpltCallback
                0x00000000080052c0       0x14 ./Drivers/STM32F4xx_HAL_Driver/Src/stm32f4xx_hal_i2c.o
                0x00000000080052c0                HAL_I2C_ListenCpltCallback
 .text.HAL_I2C_MemTxCpltCallback
                0x00000000080052d4       0x14 ./Drivers/STM32F4xx_HAL_Driver/Src/stm32f4xx_hal_i2c.o
                0x00000000080052d4                HAL_I2C_MemTxCpltCallback
 .text.HAL_I2C_MemRxCpltCallback
                0x00000000080052e8       0x14 ./Drivers/STM32F4xx_HAL_Driver/Src/stm32f4xx_hal_i2c.o
                0x00000000080052e8                HAL_I2C_MemRxCpltCallback
 .text.HAL_I2C_ErrorCallback
                0x00000000080052fc       0x14 ./Drivers/STM32F4xx_HAL_Driver/Src/stm32f4xx_hal_i2c.o
                0x00000000080052fc                HAL_I2C_ErrorCallback
 .text.HAL_I2C_AbortCpltCallback
                0x0000000008005310       0x14 ./Drivers/STM32F4xx_HAL_Driver/Src/stm32f4xx_hal_i2c.o
                0x0000000008005310                HAL_I2C_AbortCpltCallback
 .text.I2C_MasterTransmit_TXE
                0x0000000008005324      0x138 ./Drivers/STM32F4xx_HAL_Driver/Src/stm32f4xx_hal_i2c.o
 .text.I2C_MasterTransmit_BTF
                0x000000000800545c       0xd0 ./Drivers/STM32F4xx_HAL_Driver/Src/stm32f4xx_hal_i2c.o
 .text.I2C_MemoryTransmit_TXE_BTF
                0x000000000800552c      0x11e ./Drivers/STM32F4xx_HAL_Driver/Src/stm32f4xx_hal_i2c.o
 .text.I2C_MasterReceive_RXNE
                0x000000000800564a      0x162 ./Drivers/STM32F4xx_HAL_Driver/Src/stm32f4xx_hal_i2c.o
 .text.I2C_MasterReceive_BTF
                0x00000000080057ac      0x1d4 ./Drivers/STM32F4xx_HAL_Driver/Src/stm32f4xx_hal_i2c.o
 .text.I2C_Master_SB
                0x0000000008005980      0x10c ./Drivers/STM32F4xx_HAL_Driver/Src/stm32f4xx_hal_i2c.o
 .text.I2C_Master_ADD10
                0x0000000008005a8c       0x54 ./Drivers/STM32F4xx_HAL_Driver/Src/stm32f4xx_hal_i2c.o
 .text.I2C_Master_ADDR
                0x0000000008005ae0      0x322 ./Drivers/STM32F4xx_HAL_Driver/Src/stm32f4xx_hal_i2c.o
 .text.I2C_SlaveTransmit_TXE
                0x0000000008005e02       0x7a ./Drivers/STM32F4xx_HAL_Driver/Src/stm32f4xx_hal_i2c.o
 .text.I2C_SlaveTransmit_BTF
                0x0000000008005e7c       0x42 ./Drivers/STM32F4xx_HAL_Driver/Src/stm32f4xx_hal_i2c.o
 .text.I2C_SlaveReceive_RXNE
                0x0000000008005ebe       0x7c ./Drivers/STM32F4xx_HAL_Driver/Src/stm32f4xx_hal_i2c.o
 .text.I2C_SlaveReceive_BTF
                0x0000000008005f3a       0x44 ./Drivers/STM32F4xx_HAL_Driver/Src/stm32f4xx_hal_i2c.o
 .text.I2C_Slave_ADDR
                0x0000000008005f7e       0x88 ./Drivers/STM32F4xx_HAL_Driver/Src/stm32f4xx_hal_i2c.o
 *fill*         0x0000000008006006        0x2 
 .text.I2C_Slave_STOPF
                0x0000000008006008      0x260 ./Drivers/STM32F4xx_HAL_Driver/Src/stm32f4xx_hal_i2c.o
 .text.I2C_Slave_AF
                0x0000000008006268       0xe0 ./Drivers/STM32F4xx_HAL_Driver/Src/stm32f4xx_hal_i2c.o
 .text.I2C_ITError
                0x0000000008006348      0x264 ./Drivers/STM32F4xx_HAL_Driver/Src/stm32f4xx_hal_i2c.o
 .text.I2C_DMAAbort
                0x00000000080065ac      0x150 ./Drivers/STM32F4xx_HAL_Driver/Src/stm32f4xx_hal_i2c.o
 .text.I2C_WaitOnSTOPRequestThroughIT
                0x00000000080066fc       0x64 ./Drivers/STM32F4xx_HAL_Driver/Src/stm32f4xx_hal_i2c.o
 .text.I2C_ConvertOtherXferOptions
                0x0000000008006760       0x36 ./Drivers/STM32F4xx_HAL_Driver/Src/stm32f4xx_hal_i2c.o
 *fill*         0x0000000008006796        0x2 
 .text.HAL_RCC_OscConfig
                0x0000000008006798      0x4dc ./Drivers/STM32F4xx_HAL_Driver/Src/stm32f4xx_hal_rcc.o
                0x0000000008006798                HAL_RCC_OscConfig
 .text.HAL_RCC_ClockConfig
                0x0000000008006c74      0x1cc ./Drivers/STM32F4xx_HAL_Driver/Src/stm32f4xx_hal_rcc.o
                0x0000000008006c74                HAL_RCC_ClockConfig
 .text.HAL_RCC_GetSysClockFreq
                0x0000000008006e40      0x20c ./Drivers/STM32F4xx_HAL_Driver/Src/stm32f4xx_hal_rcc.o
                0x0000000008006e40                HAL_RCC_GetSysClockFreq
 .text.HAL_RCC_GetHCLKFreq
                0x000000000800704c       0x18 ./Drivers/STM32F4xx_HAL_Driver/Src/stm32f4xx_hal_rcc.o
                0x000000000800704c                HAL_RCC_GetHCLKFreq
 .text.HAL_RCC_GetPCLK1Freq
                0x0000000008007064       0x28 ./Drivers/STM32F4xx_HAL_Driver/Src/stm32f4xx_hal_rcc.o
                0x0000000008007064                HAL_RCC_GetPCLK1Freq
 .text.HAL_RCC_GetPCLK2Freq
                0x000000000800708c       0x28 ./Drivers/STM32F4xx_HAL_Driver/Src/stm32f4xx_hal_rcc.o
                0x000000000800708c                HAL_RCC_GetPCLK2Freq
 .text.HAL_TIM_Base_Init
                0x00000000080070b4       0x56 ./Drivers/STM32F4xx_HAL_Driver/Src/stm32f4xx_hal_tim.o
                0x00000000080070b4                HAL_TIM_Base_Init
 .text.HAL_TIM_Base_Start_IT
                0x000000000800710a       0x48 ./Drivers/STM32F4xx_HAL_Driver/Src/stm32f4xx_hal_tim.o
                0x000000000800710a                HAL_TIM_Base_Start_IT
 .text.HAL_TIM_PWM_Init
                0x0000000008007152       0x56 ./Drivers/STM32F4xx_HAL_Driver/Src/stm32f4xx_hal_tim.o
                0x0000000008007152                HAL_TIM_PWM_Init
 .text.HAL_TIM_PWM_MspInit
                0x00000000080071a8       0x14 ./Drivers/STM32F4xx_HAL_Driver/Src/stm32f4xx_hal_tim.o
                0x00000000080071a8                HAL_TIM_PWM_MspInit
 .text.HAL_TIM_PWM_Start
                0x00000000080071bc       0x64 ./Drivers/STM32F4xx_HAL_Driver/Src/stm32f4xx_hal_tim.o
                0x00000000080071bc                HAL_TIM_PWM_Start
 .text.HAL_TIM_Encoder_Init
                0x0000000008007220      0x124 ./Drivers/STM32F4xx_HAL_Driver/Src/stm32f4xx_hal_tim.o
                0x0000000008007220                HAL_TIM_Encoder_Init
 .text.HAL_TIM_Encoder_Start
                0x0000000008007344       0x70 ./Drivers/STM32F4xx_HAL_Driver/Src/stm32f4xx_hal_tim.o
                0x0000000008007344                HAL_TIM_Encoder_Start
 .text.HAL_TIM_IRQHandler
                0x00000000080073b4      0x210 ./Drivers/STM32F4xx_HAL_Driver/Src/stm32f4xx_hal_tim.o
                0x00000000080073b4                HAL_TIM_IRQHandler
 .text.HAL_TIM_PWM_ConfigChannel
                0x00000000080075c4      0x18c ./Drivers/STM32F4xx_HAL_Driver/Src/stm32f4xx_hal_tim.o
                0x00000000080075c4                HAL_TIM_PWM_ConfigChannel
 .text.HAL_TIM_ConfigClockSource
                0x0000000008007750      0x188 ./Drivers/STM32F4xx_HAL_Driver/Src/stm32f4xx_hal_tim.o
                0x0000000008007750                HAL_TIM_ConfigClockSource
 .text.HAL_TIM_OC_DelayElapsedCallback
                0x00000000080078d8       0x14 ./Drivers/STM32F4xx_HAL_Driver/Src/stm32f4xx_hal_tim.o
                0x00000000080078d8                HAL_TIM_OC_DelayElapsedCallback
 .text.HAL_TIM_IC_CaptureCallback
                0x00000000080078ec       0x14 ./Drivers/STM32F4xx_HAL_Driver/Src/stm32f4xx_hal_tim.o
                0x00000000080078ec                HAL_TIM_IC_CaptureCallback
 .text.HAL_TIM_PWM_PulseFinishedCallback
                0x0000000008007900       0x14 ./Drivers/STM32F4xx_HAL_Driver/Src/stm32f4xx_hal_tim.o
                0x0000000008007900                HAL_TIM_PWM_PulseFinishedCallback
 .text.HAL_TIM_TriggerCallback
                0x0000000008007914       0x14 ./Drivers/STM32F4xx_HAL_Driver/Src/stm32f4xx_hal_tim.o
                0x0000000008007914                HAL_TIM_TriggerCallback
 .text.TIM_Base_SetConfig
                0x0000000008007928      0x100 ./Drivers/STM32F4xx_HAL_Driver/Src/stm32f4xx_hal_tim.o
                0x0000000008007928                TIM_Base_SetConfig
 .text.TIM_OC1_SetConfig
                0x0000000008007a28       0xcc ./Drivers/STM32F4xx_HAL_Driver/Src/stm32f4xx_hal_tim.o
 .text.TIM_OC2_SetConfig
                0x0000000008007af4       0xd8 ./Drivers/STM32F4xx_HAL_Driver/Src/stm32f4xx_hal_tim.o
                0x0000000008007af4                TIM_OC2_SetConfig
 .text.TIM_OC3_SetConfig
                0x0000000008007bcc       0xd4 ./Drivers/STM32F4xx_HAL_Driver/Src/stm32f4xx_hal_tim.o
 .text.TIM_OC4_SetConfig
                0x0000000008007ca0       0xa0 ./Drivers/STM32F4xx_HAL_Driver/Src/stm32f4xx_hal_tim.o
 .text.TIM_TI1_ConfigInputStage
                0x0000000008007d40       0x5e ./Drivers/STM32F4xx_HAL_Driver/Src/stm32f4xx_hal_tim.o
 .text.TIM_TI2_ConfigInputStage
                0x0000000008007d9e       0x60 ./Drivers/STM32F4xx_HAL_Driver/Src/stm32f4xx_hal_tim.o
 .text.TIM_ITRx_SetConfig
                0x0000000008007dfe       0x36 ./Drivers/STM32F4xx_HAL_Driver/Src/stm32f4xx_hal_tim.o
 .text.TIM_ETR_SetConfig
                0x0000000008007e34       0x40 ./Drivers/STM32F4xx_HAL_Driver/Src/stm32f4xx_hal_tim.o
                0x0000000008007e34                TIM_ETR_SetConfig
 .text.TIM_CCxChannelCmd
                0x0000000008007e74       0x4a ./Drivers/STM32F4xx_HAL_Driver/Src/stm32f4xx_hal_tim.o
                0x0000000008007e74                TIM_CCxChannelCmd
 *fill*         0x0000000008007ebe        0x2 
 .text.HAL_TIMEx_MasterConfigSynchronization
                0x0000000008007ec0       0xdc ./Drivers/STM32F4xx_HAL_Driver/Src/stm32f4xx_hal_tim_ex.o
                0x0000000008007ec0                HAL_TIMEx_MasterConfigSynchronization
 .text.HAL_TIMEx_CommutCallback
                0x0000000008007f9c       0x14 ./Drivers/STM32F4xx_HAL_Driver/Src/stm32f4xx_hal_tim_ex.o
                0x0000000008007f9c                HAL_TIMEx_CommutCallback
 .text.HAL_TIMEx_BreakCallback
                0x0000000008007fb0       0x14 ./Drivers/STM32F4xx_HAL_Driver/Src/stm32f4xx_hal_tim_ex.o
                0x0000000008007fb0                HAL_TIMEx_BreakCallback
 .text.HAL_UART_Init
                0x0000000008007fc4       0x9a ./Drivers/STM32F4xx_HAL_Driver/Src/stm32f4xx_hal_uart.o
                0x0000000008007fc4                HAL_UART_Init
 .text.HAL_UART_Transmit
                0x000000000800805e      0x132 ./Drivers/STM32F4xx_HAL_Driver/Src/stm32f4xx_hal_uart.o
                0x000000000800805e                HAL_UART_Transmit
 .text.HAL_UART_Transmit_IT
                0x0000000008008190       0x8a ./Drivers/STM32F4xx_HAL_Driver/Src/stm32f4xx_hal_uart.o
                0x0000000008008190                HAL_UART_Transmit_IT
 *fill*         0x000000000800821a        0x2 
 .text.HAL_UART_Receive_DMA
                0x000000000800821c      0x100 ./Drivers/STM32F4xx_HAL_Driver/Src/stm32f4xx_hal_uart.o
                0x000000000800821c                HAL_UART_Receive_DMA
 .text.HAL_UART_IRQHandler
                0x000000000800831c      0x200 ./Drivers/STM32F4xx_HAL_Driver/Src/stm32f4xx_hal_uart.o
                0x000000000800831c                HAL_UART_IRQHandler
 .text.HAL_UART_TxCpltCallback
                0x000000000800851c       0x14 ./Drivers/STM32F4xx_HAL_Driver/Src/stm32f4xx_hal_uart.o
                0x000000000800851c                HAL_UART_TxCpltCallback
 .text.HAL_UART_RxCpltCallback
                0x0000000008008530       0x14 ./Drivers/STM32F4xx_HAL_Driver/Src/stm32f4xx_hal_uart.o
                0x0000000008008530                HAL_UART_RxCpltCallback
 .text.HAL_UART_RxHalfCpltCallback
                0x0000000008008544       0x14 ./Drivers/STM32F4xx_HAL_Driver/Src/stm32f4xx_hal_uart.o
                0x0000000008008544                HAL_UART_RxHalfCpltCallback
 .text.HAL_UART_ErrorCallback
                0x0000000008008558       0x14 ./Drivers/STM32F4xx_HAL_Driver/Src/stm32f4xx_hal_uart.o
                0x0000000008008558                HAL_UART_ErrorCallback
 .text.UART_DMAReceiveCplt
                0x000000000800856c       0x68 ./Drivers/STM32F4xx_HAL_Driver/Src/stm32f4xx_hal_uart.o
 .text.UART_DMARxHalfCplt
                0x00000000080085d4       0x1c ./Drivers/STM32F4xx_HAL_Driver/Src/stm32f4xx_hal_uart.o
 .text.UART_DMAError
                0x00000000080085f0       0x94 ./Drivers/STM32F4xx_HAL_Driver/Src/stm32f4xx_hal_uart.o
 .text.UART_WaitOnFlagUntilTimeout
                0x0000000008008684       0x94 ./Drivers/STM32F4xx_HAL_Driver/Src/stm32f4xx_hal_uart.o
 .text.UART_EndTxTransfer
                0x0000000008008718       0x2c ./Drivers/STM32F4xx_HAL_Driver/Src/stm32f4xx_hal_uart.o
 .text.UART_EndRxTransfer
                0x0000000008008744       0x3c ./Drivers/STM32F4xx_HAL_Driver/Src/stm32f4xx_hal_uart.o
 .text.UART_DMAAbortOnError
                0x0000000008008780       0x28 ./Drivers/STM32F4xx_HAL_Driver/Src/stm32f4xx_hal_uart.o
 .text.UART_Transmit_IT
                0x00000000080087a8       0xac ./Drivers/STM32F4xx_HAL_Driver/Src/stm32f4xx_hal_uart.o
 .text.UART_EndTransmit_IT
                0x0000000008008854       0x30 ./Drivers/STM32F4xx_HAL_Driver/Src/stm32f4xx_hal_uart.o
 .text.UART_Receive_IT
                0x0000000008008884      0x102 ./Drivers/STM32F4xx_HAL_Driver/Src/stm32f4xx_hal_uart.o
 *fill*         0x0000000008008986        0x2 
 .text.UART_SetConfig
                0x0000000008008988      0x99c ./Drivers/STM32F4xx_HAL_Driver/Src/stm32f4xx_hal_uart.o
 .text.__errno  0x0000000008009324        0xc c:/st/stm32cubeide_1.9.0/stm32cubeide/plugins/com.st.stm32cube.ide.mcu.externaltools.gnu-tools-for-stm32.10.3-2021.10.win32_1.0.0.202111181127/tools/bin/../lib/gcc/arm-none-eabi/10.3.1/../../../../arm-none-eabi/lib/thumb/v7e-m+fp/hard\libc_nano.a(lib_a-errno.o)
                0x0000000008009324                __errno
 .text.__libc_init_array
                0x0000000008009330       0x48 c:/st/stm32cubeide_1.9.0/stm32cubeide/plugins/com.st.stm32cube.ide.mcu.externaltools.gnu-tools-for-stm32.10.3-2021.10.win32_1.0.0.202111181127/tools/bin/../lib/gcc/arm-none-eabi/10.3.1/../../../../arm-none-eabi/lib/thumb/v7e-m+fp/hard\libc_nano.a(lib_a-init.o)
                0x0000000008009330                __libc_init_array
 .text.memset   0x0000000008009378       0x10 c:/st/stm32cubeide_1.9.0/stm32cubeide/plugins/com.st.stm32cube.ide.mcu.externaltools.gnu-tools-for-stm32.10.3-2021.10.win32_1.0.0.202111181127/tools/bin/../lib/gcc/arm-none-eabi/10.3.1/../../../../arm-none-eabi/lib/thumb/v7e-m+fp/hard\libc_nano.a(lib_a-memset.o)
                0x0000000008009378                memset
 .text.sqrt     0x0000000008009388       0x58 c:/st/stm32cubeide_1.9.0/stm32cubeide/plugins/com.st.stm32cube.ide.mcu.externaltools.gnu-tools-for-stm32.10.3-2021.10.win32_1.0.0.202111181127/tools/bin/../lib/gcc/arm-none-eabi/10.3.1/../../../../arm-none-eabi/lib/thumb/v7e-m+fp/hard\libm.a(lib_a-w_sqrt.o)
                0x0000000008009388                sqrt
 .text.__ieee754_sqrt
                0x00000000080093e0      0x164 c:/st/stm32cubeide_1.9.0/stm32cubeide/plugins/com.st.stm32cube.ide.mcu.externaltools.gnu-tools-for-stm32.10.3-2021.10.win32_1.0.0.202111181127/tools/bin/../lib/gcc/arm-none-eabi/10.3.1/../../../../arm-none-eabi/lib/thumb/v7e-m+fp/hard\libm.a(lib_a-e_sqrt.o)
                0x00000000080093e0                __ieee754_sqrt
 *(.glue_7)
 .glue_7        0x0000000008009544        0x0 linker stubs
 *(.glue_7t)
 .glue_7t       0x0000000008009544        0x0 linker stubs
 *(.eh_frame)
 .eh_frame      0x0000000008009544        0x0 c:/st/stm32cubeide_1.9.0/stm32cubeide/plugins/com.st.stm32cube.ide.mcu.externaltools.gnu-tools-for-stm32.10.3-2021.10.win32_1.0.0.202111181127/tools/bin/../lib/gcc/arm-none-eabi/10.3.1/thumb/v7e-m+fp/hard/crtbegin.o
 *(.init)
 .init          0x0000000008009544        0x4 c:/st/stm32cubeide_1.9.0/stm32cubeide/plugins/com.st.stm32cube.ide.mcu.externaltools.gnu-tools-for-stm32.10.3-2021.10.win32_1.0.0.202111181127/tools/bin/../lib/gcc/arm-none-eabi/10.3.1/thumb/v7e-m+fp/hard/crti.o
                0x0000000008009544                _init
 .init          0x0000000008009548        0x8 c:/st/stm32cubeide_1.9.0/stm32cubeide/plugins/com.st.stm32cube.ide.mcu.externaltools.gnu-tools-for-stm32.10.3-2021.10.win32_1.0.0.202111181127/tools/bin/../lib/gcc/arm-none-eabi/10.3.1/thumb/v7e-m+fp/hard/crtn.o
 *(.fini)
 .fini          0x0000000008009550        0x4 c:/st/stm32cubeide_1.9.0/stm32cubeide/plugins/com.st.stm32cube.ide.mcu.externaltools.gnu-tools-for-stm32.10.3-2021.10.win32_1.0.0.202111181127/tools/bin/../lib/gcc/arm-none-eabi/10.3.1/thumb/v7e-m+fp/hard/crti.o
                0x0000000008009550                _fini
 .fini          0x0000000008009554        0x8 c:/st/stm32cubeide_1.9.0/stm32cubeide/plugins/com.st.stm32cube.ide.mcu.externaltools.gnu-tools-for-stm32.10.3-2021.10.win32_1.0.0.202111181127/tools/bin/../lib/gcc/arm-none-eabi/10.3.1/thumb/v7e-m+fp/hard/crtn.o
                0x000000000800955c                . = ALIGN (0x4)
                0x000000000800955c                _etext = .

.vfp11_veneer   0x000000000800955c        0x0
 .vfp11_veneer  0x000000000800955c        0x0 linker stubs

.v4_bx          0x000000000800955c        0x0
 .v4_bx         0x000000000800955c        0x0 linker stubs

.iplt           0x000000000800955c        0x0
 .iplt          0x000000000800955c        0x0 c:/st/stm32cubeide_1.9.0/stm32cubeide/plugins/com.st.stm32cube.ide.mcu.externaltools.gnu-tools-for-stm32.10.3-2021.10.win32_1.0.0.202111181127/tools/bin/../lib/gcc/arm-none-eabi/10.3.1/thumb/v7e-m+fp/hard/crtbegin.o

.rodata         0x000000000800955c       0x24
                0x000000000800955c                . = ALIGN (0x4)
 *(.rodata)
 *(.rodata*)
 .rodata.laser_Addr.3
                0x000000000800955c        0x1 ./Core/Src/main.o
 *fill*         0x000000000800955d        0x3 
 .rodata.AHBPrescTable
                0x0000000008009560       0x10 ./Core/Src/system_stm32f4xx.o
                0x0000000008009560                AHBPrescTable
 .rodata.APBPrescTable
                0x0000000008009570        0x8 ./Core/Src/system_stm32f4xx.o
                0x0000000008009570                APBPrescTable
 .rodata.flagBitshiftOffset.0
                0x0000000008009578        0x8 ./Drivers/STM32F4xx_HAL_Driver/Src/stm32f4xx_hal_dma.o
                0x0000000008009580                . = ALIGN (0x4)

.ARM.extab      0x0000000008009580        0x0
                0x0000000008009580                . = ALIGN (0x4)
 *(.ARM.extab* .gnu.linkonce.armextab.*)
                0x0000000008009580                . = ALIGN (0x4)

.ARM            0x0000000008009580        0x8
                0x0000000008009580                . = ALIGN (0x4)
                0x0000000008009580                __exidx_start = .
 *(.ARM.exidx*)
 .ARM.exidx     0x0000000008009580        0x8 c:/st/stm32cubeide_1.9.0/stm32cubeide/plugins/com.st.stm32cube.ide.mcu.externaltools.gnu-tools-for-stm32.10.3-2021.10.win32_1.0.0.202111181127/tools/bin/../lib/gcc/arm-none-eabi/10.3.1/thumb/v7e-m+fp/hard\libgcc.a(_udivmoddi4.o)
                0x0000000008009588                __exidx_end = .
                0x0000000008009588                . = ALIGN (0x4)

.rel.dyn        0x0000000008009588        0x0
 .rel.iplt      0x0000000008009588        0x0 c:/st/stm32cubeide_1.9.0/stm32cubeide/plugins/com.st.stm32cube.ide.mcu.externaltools.gnu-tools-for-stm32.10.3-2021.10.win32_1.0.0.202111181127/tools/bin/../lib/gcc/arm-none-eabi/10.3.1/thumb/v7e-m+fp/hard/crtbegin.o

.preinit_array  0x0000000008009588        0x0
                0x0000000008009588                . = ALIGN (0x4)
                0x0000000008009588                PROVIDE (__preinit_array_start = .)
 *(.preinit_array*)
                0x0000000008009588                PROVIDE (__preinit_array_end = .)
                0x0000000008009588                . = ALIGN (0x4)

.init_array     0x0000000008009588        0x4
                0x0000000008009588                . = ALIGN (0x4)
                0x0000000008009588                PROVIDE (__init_array_start = .)
 *(SORT_BY_NAME(.init_array.*))
 *(.init_array*)
 .init_array    0x0000000008009588        0x4 c:/st/stm32cubeide_1.9.0/stm32cubeide/plugins/com.st.stm32cube.ide.mcu.externaltools.gnu-tools-for-stm32.10.3-2021.10.win32_1.0.0.202111181127/tools/bin/../lib/gcc/arm-none-eabi/10.3.1/thumb/v7e-m+fp/hard/crtbegin.o
                0x000000000800958c                PROVIDE (__init_array_end = .)
                0x000000000800958c                . = ALIGN (0x4)

.fini_array     0x000000000800958c        0x4
                0x000000000800958c                . = ALIGN (0x4)
                [!provide]                        PROVIDE (__fini_array_start = .)
 *(SORT_BY_NAME(.fini_array.*))
 *(.fini_array*)
 .fini_array    0x000000000800958c        0x4 c:/st/stm32cubeide_1.9.0/stm32cubeide/plugins/com.st.stm32cube.ide.mcu.externaltools.gnu-tools-for-stm32.10.3-2021.10.win32_1.0.0.202111181127/tools/bin/../lib/gcc/arm-none-eabi/10.3.1/thumb/v7e-m+fp/hard/crtbegin.o
                [!provide]                        PROVIDE (__fini_array_end = .)
                0x0000000008009590                . = ALIGN (0x4)
                0x0000000008009590                _sidata = LOADADDR (.data)

.data           0x0000000020000000       0x9c load address 0x0000000008009590
                0x0000000020000000                . = ALIGN (0x4)
                0x0000000020000000                _sdata = .
 *(.data)
 *(.data*)
 .data.gripper  0x0000000020000000        0x1 ./Core/Src/main.o
                0x0000000020000000                gripper
 *fill*         0x0000000020000001        0x3 
 .data.Kp       0x0000000020000004        0x4 ./Core/Src/main.o
                0x0000000020000004                Kp
 .data.Ki       0x0000000020000008        0x4 ./Core/Src/main.o
                0x0000000020000008                Ki
 .data.Kd       0x000000002000000c        0x4 ./Core/Src/main.o
                0x000000002000000c                Kd
 .data.inpwm    0x0000000020000010        0x4 ./Core/Src/main.o
                0x0000000020000010                inpwm
 .data.homepwm  0x0000000020000014        0x4 ./Core/Src/main.o
                0x0000000020000014                homepwm
 .data.sethome  0x0000000020000018        0x4 ./Core/Src/main.o
                0x0000000020000018                sethome
 .data.alpharad
                0x000000002000001c        0x4 ./Core/Src/main.o
                0x000000002000001c                alpharad
 .data.ack1.5   0x0000000020000020        0x2 ./Core/Src/main.o
 *fill*         0x0000000020000022        0x2 
 .data.ack2.4   0x0000000020000024        0x2 ./Core/Src/main.o
 *fill*         0x0000000020000026        0x2 
 .data.pdatastart.2
                0x0000000020000028        0x1 ./Core/Src/main.o
 *fill*         0x0000000020000029        0x3 
 .data.SystemCoreClock
                0x000000002000002c        0x4 ./Core/Src/system_stm32f4xx.o
                0x000000002000002c                SystemCoreClock
 .data.uwTickPrio
                0x0000000020000030        0x4 ./Drivers/STM32F4xx_HAL_Driver/Src/stm32f4xx_hal.o
                0x0000000020000030                uwTickPrio
 .data.uwTickFreq
                0x0000000020000034        0x1 ./Drivers/STM32F4xx_HAL_Driver/Src/stm32f4xx_hal.o
                0x0000000020000034                uwTickFreq
 *fill*         0x0000000020000035        0x3 
 .data._impure_ptr
                0x0000000020000038        0x4 c:/st/stm32cubeide_1.9.0/stm32cubeide/plugins/com.st.stm32cube.ide.mcu.externaltools.gnu-tools-for-stm32.10.3-2021.10.win32_1.0.0.202111181127/tools/bin/../lib/gcc/arm-none-eabi/10.3.1/../../../../arm-none-eabi/lib/thumb/v7e-m+fp/hard\libc_nano.a(lib_a-impure.o)
                0x0000000020000038                _impure_ptr
 .data.impure_data
                0x000000002000003c       0x60 c:/st/stm32cubeide_1.9.0/stm32cubeide/plugins/com.st.stm32cube.ide.mcu.externaltools.gnu-tools-for-stm32.10.3-2021.10.win32_1.0.0.202111181127/tools/bin/../lib/gcc/arm-none-eabi/10.3.1/../../../../arm-none-eabi/lib/thumb/v7e-m+fp/hard\libc_nano.a(lib_a-impure.o)
 *(.RamFunc)
 *(.RamFunc*)
                0x000000002000009c                . = ALIGN (0x4)
                0x000000002000009c                _edata = .

.igot.plt       0x000000002000009c        0x0 load address 0x000000000800962c
 .igot.plt      0x000000002000009c        0x0 c:/st/stm32cubeide_1.9.0/stm32cubeide/plugins/com.st.stm32cube.ide.mcu.externaltools.gnu-tools-for-stm32.10.3-2021.10.win32_1.0.0.202111181127/tools/bin/../lib/gcc/arm-none-eabi/10.3.1/thumb/v7e-m+fp/hard/crtbegin.o
                0x000000002000009c                . = ALIGN (0x4)

.bss            0x00000000200000a0      0x4e8 load address 0x000000000800962c
                0x00000000200000a0                _sbss = .
                0x00000000200000a0                __bss_start__ = _sbss
 *(.bss)
 .bss           0x00000000200000a0       0x1c c:/st/stm32cubeide_1.9.0/stm32cubeide/plugins/com.st.stm32cube.ide.mcu.externaltools.gnu-tools-for-stm32.10.3-2021.10.win32_1.0.0.202111181127/tools/bin/../lib/gcc/arm-none-eabi/10.3.1/thumb/v7e-m+fp/hard/crtbegin.o
 *(.bss*)
 .bss.hi2c1     0x00000000200000bc       0x54 ./Core/Src/main.o
                0x00000000200000bc                hi2c1
 .bss.htim1     0x0000000020000110       0x40 ./Core/Src/main.o
                0x0000000020000110                htim1
 .bss.htim2     0x0000000020000150       0x40 ./Core/Src/main.o
                0x0000000020000150                htim2
 .bss.htim4     0x0000000020000190       0x40 ./Core/Src/main.o
                0x0000000020000190                htim4
 .bss.htim5     0x00000000200001d0       0x40 ./Core/Src/main.o
                0x00000000200001d0                htim5
 .bss.huart2    0x0000000020000210       0x40 ./Core/Src/main.o
                0x0000000020000210                huart2
 .bss.hdma_usart2_rx
                0x0000000020000250       0x60 ./Core/Src/main.o
                0x0000000020000250                hdma_usart2_rx
 .bss.RxBuffer  0x00000000200002b0       0x40 ./Core/Src/main.o
                0x00000000200002b0                RxBuffer
 .bss.finishtask
                0x00000000200002f0        0x4 ./Core/Src/main.o
                0x00000000200002f0                finishtask
 .bss.sunflower
                0x00000000200002f4        0x4 ./Core/Src/main.o
                0x00000000200002f4                sunflower
 .bss.Posdata   0x00000000200002f8        0x1 ./Core/Src/main.o
                0x00000000200002f8                Posdata
 .bss.PosdataPre
                0x00000000200002f9        0x1 ./Core/Src/main.o
                0x00000000200002f9                PosdataPre
 .bss.stateuart
                0x00000000200002fa        0x1 ./Core/Src/main.o
                0x00000000200002fa                stateuart
 .bss.mode      0x00000000200002fb        0x1 ./Core/Src/main.o
                0x00000000200002fb                mode
 .bss.frame     0x00000000200002fc        0x1 ./Core/Src/main.o
                0x00000000200002fc                frame
 .bss.data      0x00000000200002fd        0x1 ./Core/Src/main.o
                0x00000000200002fd                data
 .bss.dataframe21
                0x00000000200002fe        0x1 ./Core/Src/main.o
                0x00000000200002fe                dataframe21
 .bss.dataframe22
                0x00000000200002ff        0x1 ./Core/Src/main.o
                0x00000000200002ff                dataframe22
 .bss.nstation  0x0000000020000300       0x40 ./Core/Src/main.o
                0x0000000020000300                nstation
 .bss.countloop
                0x0000000020000340        0x1 ./Core/Src/main.o
                0x0000000020000340                countloop
 .bss.loopcollect
                0x0000000020000341        0x1 ./Core/Src/main.o
                0x0000000020000341                loopcollect
 .bss.gogoal    0x0000000020000342        0x1 ./Core/Src/main.o
                0x0000000020000342                gogoal
 *fill*         0x0000000020000343        0x1 
 .bss.station   0x0000000020000344        0xa ./Core/Src/main.o
                0x0000000020000344                station
 .bss.numberofstation
                0x000000002000034e        0x1 ./Core/Src/main.o
                0x000000002000034e                numberofstation
 .bss.nextstation
                0x000000002000034f        0x1 ./Core/Src/main.o
                0x000000002000034f                nextstation
 .bss._micros   0x0000000020000350        0x8 ./Core/Src/main.o
                0x0000000020000350                _micros
 .bss.EncoderVel
                0x0000000020000358        0x4 ./Core/Src/main.o
                0x0000000020000358                EncoderVel
 .bss.wgu       0x000000002000035c        0x4 ./Core/Src/main.o
                0x000000002000035c                wgu
 .bss.angel     0x0000000020000360        0x4 ./Core/Src/main.o
                0x0000000020000360                angel
 .bss.pwm       0x0000000020000364        0x4 ./Core/Src/main.o
                0x0000000020000364                pwm
 .bss.integral  0x0000000020000368        0x4 ./Core/Src/main.o
                0x0000000020000368                integral
 .bss.error     0x000000002000036c        0x4 ./Core/Src/main.o
                0x000000002000036c                error
 .bss.last      0x0000000020000370        0x4 ./Core/Src/main.o
                0x0000000020000370                last
 .bss.PID       0x0000000020000374        0x4 ./Core/Src/main.o
                0x0000000020000374                PID
 .bss.PID_p     0x0000000020000378        0x4 ./Core/Src/main.o
                0x0000000020000378                PID_p
 .bss.PID_i     0x000000002000037c        0x4 ./Core/Src/main.o
                0x000000002000037c                PID_i
 .bss.PID_d     0x0000000020000380        0x4 ./Core/Src/main.o
                0x0000000020000380                PID_d
 .bss.PID2      0x0000000020000384        0x4 ./Core/Src/main.o
                0x0000000020000384                PID2
 .bss.homeset   0x0000000020000388        0x4 ./Core/Src/main.o
                0x0000000020000388                homeset
 *fill*         0x000000002000038c        0x4 
 .bss.Timestamp_Encoder
                0x0000000020000390        0x8 ./Core/Src/main.o
                0x0000000020000390                Timestamp_Encoder
 .bss.Timestamp_home
                0x0000000020000398        0x8 ./Core/Src/main.o
                0x0000000020000398                Timestamp_home
 .bss.tt        0x00000000200003a0        0x8 ./Core/Src/main.o
                0x00000000200003a0                tt
 .bss.winput    0x00000000200003a8        0x4 ./Core/Src/main.o
                0x00000000200003a8                winput
 .bss.thetanow  0x00000000200003ac        0x4 ./Core/Src/main.o
                0x00000000200003ac                thetanow
 .bss.thetainput
                0x00000000200003b0        0x4 ./Core/Src/main.o
                0x00000000200003b0                thetainput
 .bss.thetadiff
                0x00000000200003b4        0x4 ./Core/Src/main.o
                0x00000000200003b4                thetadiff
 .bss.testclockwiseoranticlockwise
                0x00000000200003b8        0x4 ./Core/Src/main.o
                0x00000000200003b8                testclockwiseoranticlockwise
 .bss.clockwiseoranticlockwise
                0x00000000200003bc        0x4 ./Core/Src/main.o
                0x00000000200003bc                clockwiseoranticlockwise
 .bss.t         0x00000000200003c0        0x4 ./Core/Src/main.o
                0x00000000200003c0                t
 .bss.count     0x00000000200003c4        0x4 ./Core/Src/main.o
                0x00000000200003c4                count
 .bss.theta     0x00000000200003c8        0x4 ./Core/Src/main.o
                0x00000000200003c8                theta
 .bss.w         0x00000000200003cc        0x4 ./Core/Src/main.o
                0x00000000200003cc                w
 .bss.thetainputrad
                0x00000000200003d0        0x4 ./Core/Src/main.o
                0x00000000200003d0                thetainputrad
 .bss.thetanowrad
                0x00000000200003d4        0x4 ./Core/Src/main.o
                0x00000000200003d4                thetanowrad
 .bss.thetadiffrad
                0x00000000200003d8        0x4 ./Core/Src/main.o
                0x00000000200003d8                thetadiffrad
 .bss.wmaxrad   0x00000000200003dc        0x4 ./Core/Src/main.o
                0x00000000200003dc                wmaxrad
 .bss.winputrad
                0x00000000200003e0        0x4 ./Core/Src/main.o
                0x00000000200003e0                winputrad
 .bss.thalfrad  0x00000000200003e4        0x4 ./Core/Src/main.o
                0x00000000200003e4                thalfrad
 .bss.timerad   0x00000000200003e8        0x4 ./Core/Src/main.o
                0x00000000200003e8                timerad
 .bss.trad      0x00000000200003ec        0x4 ./Core/Src/main.o
                0x00000000200003ec                trad
 .bss.timestamploop1rad
                0x00000000200003f0        0x4 ./Core/Src/main.o
                0x00000000200003f0                timestamploop1rad
 .bss.timeuseinloop1rad
                0x00000000200003f4        0x4 ./Core/Src/main.o
                0x00000000200003f4                timeuseinloop1rad
 .bss.thetarad  0x00000000200003f8        0x4 ./Core/Src/main.o
                0x00000000200003f8                thetarad
 .bss.thetahalfrad
                0x00000000200003fc        0x4 ./Core/Src/main.o
                0x00000000200003fc                thetahalfrad
 .bss.wrad      0x0000000020000400        0x4 ./Core/Src/main.o
                0x0000000020000400                wrad
 .bss.timestamplooprad
                0x0000000020000404        0x4 ./Core/Src/main.o
                0x0000000020000404                timestamplooprad
 .bss.timeuseinlooprad
                0x0000000020000408        0x4 ./Core/Src/main.o
                0x0000000020000408                timeuseinlooprad
 .bss.thetastablerad
                0x000000002000040c        0x4 ./Core/Src/main.o
                0x000000002000040c                thetastablerad
 .bss.tstablerad
                0x0000000020000410        0x4 ./Core/Src/main.o
                0x0000000020000410                tstablerad
 .bss.tstableirad
                0x0000000020000414        0x4 ./Core/Src/main.o
                0x0000000020000414                tstableirad
 .bss.tstablefrad
                0x0000000020000418        0x4 ./Core/Src/main.o
                0x0000000020000418                tstablefrad
 .bss.time1rad  0x000000002000041c        0x4 ./Core/Src/main.o
                0x000000002000041c                time1rad
 .bss.thetastableirad
                0x0000000020000420        0x4 ./Core/Src/main.o
                0x0000000020000420                thetastableirad
 .bss.thetastablefrad
                0x0000000020000424        0x4 ./Core/Src/main.o
                0x0000000020000424                thetastablefrad
 .bss.wstableifrad
                0x0000000020000428        0x4 ./Core/Src/main.o
                0x0000000020000428                wstableifrad
 .bss.wradhalf  0x000000002000042c        0x4 ./Core/Src/main.o
                0x000000002000042c                wradhalf
 .bss.a         0x0000000020000430        0x4 ./Core/Src/main.o
                0x0000000020000430                a
 .bss.b         0x0000000020000434        0x4 ./Core/Src/main.o
                0x0000000020000434                b
 .bss.c         0x0000000020000438        0x4 ./Core/Src/main.o
                0x0000000020000438                c
 .bss.d         0x000000002000043c        0x4 ./Core/Src/main.o
                0x000000002000043c                d
 .bss.f         0x0000000020000440        0x4 ./Core/Src/main.o
                0x0000000020000440                f
 .bss.g         0x0000000020000444        0x4 ./Core/Src/main.o
                0x0000000020000444                g
 .bss.h         0x0000000020000448        0x4 ./Core/Src/main.o
                0x0000000020000448                h
 .bss.i         0x000000002000044c        0x4 ./Core/Src/main.o
                0x000000002000044c                i
 .bss.j         0x0000000020000450        0x4 ./Core/Src/main.o
                0x0000000020000450                j
 .bss.k         0x0000000020000454        0x4 ./Core/Src/main.o
                0x0000000020000454                k
 .bss.l         0x0000000020000458        0x4 ./Core/Src/main.o
                0x0000000020000458                l
 .bss.m         0x000000002000045c        0x4 ./Core/Src/main.o
                0x000000002000045c                m
 .bss.n         0x0000000020000460        0x4 ./Core/Src/main.o
                0x0000000020000460                n
 .bss.start     0x0000000020000464        0x4 ./Core/Src/main.o
                0x0000000020000464                start
 .bss.ttt       0x0000000020000468        0x4 ./Core/Src/main.o
                0x0000000020000468                ttt
 .bss.run       0x000000002000046c        0x4 ./Core/Src/main.o
                0x000000002000046c                run
 .bss.stoprun   0x0000000020000470        0x4 ./Core/Src/main.o
                0x0000000020000470                stoprun
 .bss.testsethome
                0x0000000020000474        0x4 ./Core/Src/main.o
                0x0000000020000474                testsethome
 .bss.goal      0x0000000020000478       0xff ./Core/Src/main.o
                0x0000000020000478                goal
 *fill*         0x0000000020000577        0x1 
 .bss.EncoderLastTimestamp.1
                0x0000000020000578        0x8 ./Core/Src/main.o
 .bss.EncoderLastPosition.0
                0x0000000020000580        0x4 ./Core/Src/main.o
 .bss.uwTick    0x0000000020000584        0x4 ./Drivers/STM32F4xx_HAL_Driver/Src/stm32f4xx_hal.o
                0x0000000020000584                uwTick
 *(COMMON)
                0x0000000020000588                . = ALIGN (0x4)
                0x0000000020000588                _ebss = .
                0x0000000020000588                __bss_end__ = _ebss

._user_heap_stack
                0x0000000020000588      0x600 load address 0x000000000800962c
                0x0000000020000588                . = ALIGN (0x8)
                [!provide]                        PROVIDE (end = .)
                0x0000000020000588                PROVIDE (_end = .)
                0x0000000020000788                . = (. + _Min_Heap_Size)
 *fill*         0x0000000020000588      0x200 
                0x0000000020000b88                . = (. + _Min_Stack_Size)
 *fill*         0x0000000020000788      0x400 
                0x0000000020000b88                . = ALIGN (0x8)

/DISCARD/
 libc.a(*)
 libm.a(*)
 libgcc.a(*)

.ARM.attributes
                0x0000000000000000       0x30
 *(.ARM.attributes)
 .ARM.attributes
                0x0000000000000000       0x1e c:/st/stm32cubeide_1.9.0/stm32cubeide/plugins/com.st.stm32cube.ide.mcu.externaltools.gnu-tools-for-stm32.10.3-2021.10.win32_1.0.0.202111181127/tools/bin/../lib/gcc/arm-none-eabi/10.3.1/thumb/v7e-m+fp/hard/crti.o
 .ARM.attributes
                0x000000000000001e       0x34 c:/st/stm32cubeide_1.9.0/stm32cubeide/plugins/com.st.stm32cube.ide.mcu.externaltools.gnu-tools-for-stm32.10.3-2021.10.win32_1.0.0.202111181127/tools/bin/../lib/gcc/arm-none-eabi/10.3.1/thumb/v7e-m+fp/hard/crtbegin.o
 .ARM.attributes
                0x0000000000000052       0x34 ./Core/Src/main.o
 .ARM.attributes
                0x0000000000000086       0x34 ./Core/Src/stm32f4xx_hal_msp.o
 .ARM.attributes
                0x00000000000000ba       0x34 ./Core/Src/stm32f4xx_it.o
 .ARM.attributes
                0x00000000000000ee       0x34 ./Core/Src/system_stm32f4xx.o
 .ARM.attributes
                0x0000000000000122       0x21 ./Core/Startup/startup_stm32f411retx.o
 .ARM.attributes
                0x0000000000000143       0x34 ./Drivers/STM32F4xx_HAL_Driver/Src/stm32f4xx_hal.o
 .ARM.attributes
                0x0000000000000177       0x34 ./Drivers/STM32F4xx_HAL_Driver/Src/stm32f4xx_hal_cortex.o
 .ARM.attributes
                0x00000000000001ab       0x34 ./Drivers/STM32F4xx_HAL_Driver/Src/stm32f4xx_hal_dma.o
 .ARM.attributes
                0x00000000000001df       0x34 ./Drivers/STM32F4xx_HAL_Driver/Src/stm32f4xx_hal_gpio.o
 .ARM.attributes
                0x0000000000000213       0x34 ./Drivers/STM32F4xx_HAL_Driver/Src/stm32f4xx_hal_i2c.o
 .ARM.attributes
                0x0000000000000247       0x34 ./Drivers/STM32F4xx_HAL_Driver/Src/stm32f4xx_hal_rcc.o
 .ARM.attributes
                0x000000000000027b       0x34 ./Drivers/STM32F4xx_HAL_Driver/Src/stm32f4xx_hal_tim.o
 .ARM.attributes
                0x00000000000002af       0x34 ./Drivers/STM32F4xx_HAL_Driver/Src/stm32f4xx_hal_tim_ex.o
 .ARM.attributes
                0x00000000000002e3       0x34 ./Drivers/STM32F4xx_HAL_Driver/Src/stm32f4xx_hal_uart.o
 .ARM.attributes
                0x0000000000000317       0x34 c:/st/stm32cubeide_1.9.0/stm32cubeide/plugins/com.st.stm32cube.ide.mcu.externaltools.gnu-tools-for-stm32.10.3-2021.10.win32_1.0.0.202111181127/tools/bin/../lib/gcc/arm-none-eabi/10.3.1/../../../../arm-none-eabi/lib/thumb/v7e-m+fp/hard\libc_nano.a(lib_a-errno.o)
 .ARM.attributes
                0x000000000000034b       0x34 c:/st/stm32cubeide_1.9.0/stm32cubeide/plugins/com.st.stm32cube.ide.mcu.externaltools.gnu-tools-for-stm32.10.3-2021.10.win32_1.0.0.202111181127/tools/bin/../lib/gcc/arm-none-eabi/10.3.1/../../../../arm-none-eabi/lib/thumb/v7e-m+fp/hard\libc_nano.a(lib_a-impure.o)
 .ARM.attributes
                0x000000000000037f       0x34 c:/st/stm32cubeide_1.9.0/stm32cubeide/plugins/com.st.stm32cube.ide.mcu.externaltools.gnu-tools-for-stm32.10.3-2021.10.win32_1.0.0.202111181127/tools/bin/../lib/gcc/arm-none-eabi/10.3.1/../../../../arm-none-eabi/lib/thumb/v7e-m+fp/hard\libc_nano.a(lib_a-init.o)
 .ARM.attributes
                0x00000000000003b3       0x34 c:/st/stm32cubeide_1.9.0/stm32cubeide/plugins/com.st.stm32cube.ide.mcu.externaltools.gnu-tools-for-stm32.10.3-2021.10.win32_1.0.0.202111181127/tools/bin/../lib/gcc/arm-none-eabi/10.3.1/../../../../arm-none-eabi/lib/thumb/v7e-m+fp/hard\libc_nano.a(lib_a-memset.o)
 .ARM.attributes
                0x00000000000003e7       0x34 c:/st/stm32cubeide_1.9.0/stm32cubeide/plugins/com.st.stm32cube.ide.mcu.externaltools.gnu-tools-for-stm32.10.3-2021.10.win32_1.0.0.202111181127/tools/bin/../lib/gcc/arm-none-eabi/10.3.1/../../../../arm-none-eabi/lib/thumb/v7e-m+fp/hard\libm.a(lib_a-w_sqrt.o)
 .ARM.attributes
                0x000000000000041b       0x34 c:/st/stm32cubeide_1.9.0/stm32cubeide/plugins/com.st.stm32cube.ide.mcu.externaltools.gnu-tools-for-stm32.10.3-2021.10.win32_1.0.0.202111181127/tools/bin/../lib/gcc/arm-none-eabi/10.3.1/../../../../arm-none-eabi/lib/thumb/v7e-m+fp/hard\libm.a(lib_a-e_sqrt.o)
 .ARM.attributes
                0x000000000000044f       0x1e c:/st/stm32cubeide_1.9.0/stm32cubeide/plugins/com.st.stm32cube.ide.mcu.externaltools.gnu-tools-for-stm32.10.3-2021.10.win32_1.0.0.202111181127/tools/bin/../lib/gcc/arm-none-eabi/10.3.1/thumb/v7e-m+fp/hard\libgcc.a(_arm_addsubdf3.o)
 .ARM.attributes
                0x000000000000046d       0x1e c:/st/stm32cubeide_1.9.0/stm32cubeide/plugins/com.st.stm32cube.ide.mcu.externaltools.gnu-tools-for-stm32.10.3-2021.10.win32_1.0.0.202111181127/tools/bin/../lib/gcc/arm-none-eabi/10.3.1/thumb/v7e-m+fp/hard\libgcc.a(_arm_muldivdf3.o)
 .ARM.attributes
                0x000000000000048b       0x1e c:/st/stm32cubeide_1.9.0/stm32cubeide/plugins/com.st.stm32cube.ide.mcu.externaltools.gnu-tools-for-stm32.10.3-2021.10.win32_1.0.0.202111181127/tools/bin/../lib/gcc/arm-none-eabi/10.3.1/thumb/v7e-m+fp/hard\libgcc.a(_arm_cmpdf2.o)
 .ARM.attributes
                0x00000000000004a9       0x1e c:/st/stm32cubeide_1.9.0/stm32cubeide/plugins/com.st.stm32cube.ide.mcu.externaltools.gnu-tools-for-stm32.10.3-2021.10.win32_1.0.0.202111181127/tools/bin/../lib/gcc/arm-none-eabi/10.3.1/thumb/v7e-m+fp/hard\libgcc.a(_arm_unorddf2.o)
 .ARM.attributes
                0x00000000000004c7       0x1e c:/st/stm32cubeide_1.9.0/stm32cubeide/plugins/com.st.stm32cube.ide.mcu.externaltools.gnu-tools-for-stm32.10.3-2021.10.win32_1.0.0.202111181127/tools/bin/../lib/gcc/arm-none-eabi/10.3.1/thumb/v7e-m+fp/hard\libgcc.a(_arm_truncdfsf2.o)
 .ARM.attributes
                0x00000000000004e5       0x1e c:/st/stm32cubeide_1.9.0/stm32cubeide/plugins/com.st.stm32cube.ide.mcu.externaltools.gnu-tools-for-stm32.10.3-2021.10.win32_1.0.0.202111181127/tools/bin/../lib/gcc/arm-none-eabi/10.3.1/thumb/v7e-m+fp/hard\libgcc.a(_arm_addsubsf3.o)
 .ARM.attributes
                0x0000000000000503       0x1e c:/st/stm32cubeide_1.9.0/stm32cubeide/plugins/com.st.stm32cube.ide.mcu.externaltools.gnu-tools-for-stm32.10.3-2021.10.win32_1.0.0.202111181127/tools/bin/../lib/gcc/arm-none-eabi/10.3.1/thumb/v7e-m+fp/hard\libgcc.a(_aeabi_uldivmod.o)
 .ARM.attributes
                0x0000000000000521       0x34 c:/st/stm32cubeide_1.9.0/stm32cubeide/plugins/com.st.stm32cube.ide.mcu.externaltools.gnu-tools-for-stm32.10.3-2021.10.win32_1.0.0.202111181127/tools/bin/../lib/gcc/arm-none-eabi/10.3.1/thumb/v7e-m+fp/hard\libgcc.a(_udivmoddi4.o)
 .ARM.attributes
                0x0000000000000555       0x1e c:/st/stm32cubeide_1.9.0/stm32cubeide/plugins/com.st.stm32cube.ide.mcu.externaltools.gnu-tools-for-stm32.10.3-2021.10.win32_1.0.0.202111181127/tools/bin/../lib/gcc/arm-none-eabi/10.3.1/thumb/v7e-m+fp/hard\libgcc.a(_dvmd_tls.o)
 .ARM.attributes
                0x0000000000000573       0x1e c:/st/stm32cubeide_1.9.0/stm32cubeide/plugins/com.st.stm32cube.ide.mcu.externaltools.gnu-tools-for-stm32.10.3-2021.10.win32_1.0.0.202111181127/tools/bin/../lib/gcc/arm-none-eabi/10.3.1/thumb/v7e-m+fp/hard/crtn.o
OUTPUT(pokuy.elf elf32-littlearm)
LOAD linker stubs
LOAD c:/st/stm32cubeide_1.9.0/stm32cubeide/plugins/com.st.stm32cube.ide.mcu.externaltools.gnu-tools-for-stm32.10.3-2021.10.win32_1.0.0.202111181127/tools/bin/../lib/gcc/arm-none-eabi/10.3.1/../../../../arm-none-eabi/lib/thumb/v7e-m+fp/hard\libc.a
LOAD c:/st/stm32cubeide_1.9.0/stm32cubeide/plugins/com.st.stm32cube.ide.mcu.externaltools.gnu-tools-for-stm32.10.3-2021.10.win32_1.0.0.202111181127/tools/bin/../lib/gcc/arm-none-eabi/10.3.1/../../../../arm-none-eabi/lib/thumb/v7e-m+fp/hard\libm.a
LOAD c:/st/stm32cubeide_1.9.0/stm32cubeide/plugins/com.st.stm32cube.ide.mcu.externaltools.gnu-tools-for-stm32.10.3-2021.10.win32_1.0.0.202111181127/tools/bin/../lib/gcc/arm-none-eabi/10.3.1/thumb/v7e-m+fp/hard\libgcc.a

.debug_info     0x0000000000000000     0xeb62
 .debug_info    0x0000000000000000     0x232d ./Core/Src/main.o
 .debug_info    0x000000000000232d     0x1384 ./Core/Src/stm32f4xx_hal_msp.o
 .debug_info    0x00000000000036b1      0xc6f ./Core/Src/stm32f4xx_it.o
 .debug_info    0x0000000000004320      0x54f ./Core/Src/system_stm32f4xx.o
 .debug_info    0x000000000000486f       0x22 ./Core/Startup/startup_stm32f411retx.o
 .debug_info    0x0000000000004891      0x90e ./Drivers/STM32F4xx_HAL_Driver/Src/stm32f4xx_hal.o
 .debug_info    0x000000000000519f      0xd8b ./Drivers/STM32F4xx_HAL_Driver/Src/stm32f4xx_hal_cortex.o
 .debug_info    0x0000000000005f2a      0x947 ./Drivers/STM32F4xx_HAL_Driver/Src/stm32f4xx_hal_dma.o
 .debug_info    0x0000000000006871      0x77e ./Drivers/STM32F4xx_HAL_Driver/Src/stm32f4xx_hal_gpio.o
 .debug_info    0x0000000000006fef     0x25f5 ./Drivers/STM32F4xx_HAL_Driver/Src/stm32f4xx_hal_i2c.o
 .debug_info    0x00000000000095e4      0x98e ./Drivers/STM32F4xx_HAL_Driver/Src/stm32f4xx_hal_rcc.o
 .debug_info    0x0000000000009f72     0x2662 ./Drivers/STM32F4xx_HAL_Driver/Src/stm32f4xx_hal_tim.o
 .debug_info    0x000000000000c5d4     0x1282 ./Drivers/STM32F4xx_HAL_Driver/Src/stm32f4xx_hal_tim_ex.o
 .debug_info    0x000000000000d856     0x130c ./Drivers/STM32F4xx_HAL_Driver/Src/stm32f4xx_hal_uart.o

.debug_abbrev   0x0000000000000000     0x1e17
 .debug_abbrev  0x0000000000000000      0x319 ./Core/Src/main.o
 .debug_abbrev  0x0000000000000319      0x240 ./Core/Src/stm32f4xx_hal_msp.o
 .debug_abbrev  0x0000000000000559      0x1c4 ./Core/Src/stm32f4xx_it.o
 .debug_abbrev  0x000000000000071d      0x116 ./Core/Src/system_stm32f4xx.o
 .debug_abbrev  0x0000000000000833       0x12 ./Core/Startup/startup_stm32f411retx.o
 .debug_abbrev  0x0000000000000845      0x23e ./Drivers/STM32F4xx_HAL_Driver/Src/stm32f4xx_hal.o
 .debug_abbrev  0x0000000000000a83      0x316 ./Drivers/STM32F4xx_HAL_Driver/Src/stm32f4xx_hal_cortex.o
 .debug_abbrev  0x0000000000000d99      0x21b ./Drivers/STM32F4xx_HAL_Driver/Src/stm32f4xx_hal_dma.o
 .debug_abbrev  0x0000000000000fb4      0x1c4 ./Drivers/STM32F4xx_HAL_Driver/Src/stm32f4xx_hal_gpio.o
 .debug_abbrev  0x0000000000001178      0x2a8 ./Drivers/STM32F4xx_HAL_Driver/Src/stm32f4xx_hal_i2c.o
 .debug_abbrev  0x0000000000001420      0x2aa ./Drivers/STM32F4xx_HAL_Driver/Src/stm32f4xx_hal_rcc.o
 .debug_abbrev  0x00000000000016ca      0x26e ./Drivers/STM32F4xx_HAL_Driver/Src/stm32f4xx_hal_tim.o
 .debug_abbrev  0x0000000000001938      0x25c ./Drivers/STM32F4xx_HAL_Driver/Src/stm32f4xx_hal_tim_ex.o
 .debug_abbrev  0x0000000000001b94      0x283 ./Drivers/STM32F4xx_HAL_Driver/Src/stm32f4xx_hal_uart.o

.debug_aranges  0x0000000000000000      0xed0
 .debug_aranges
                0x0000000000000000       0xa8 ./Core/Src/main.o
 .debug_aranges
                0x00000000000000a8       0x68 ./Core/Src/stm32f4xx_hal_msp.o
 .debug_aranges
                0x0000000000000110       0x90 ./Core/Src/stm32f4xx_it.o
 .debug_aranges
                0x00000000000001a0       0x28 ./Core/Src/system_stm32f4xx.o
 .debug_aranges
                0x00000000000001c8       0x28 ./Core/Startup/startup_stm32f411retx.o
 .debug_aranges
                0x00000000000001f0       0xf0 ./Drivers/STM32F4xx_HAL_Driver/Src/stm32f4xx_hal.o
 .debug_aranges
                0x00000000000002e0      0x118 ./Drivers/STM32F4xx_HAL_Driver/Src/stm32f4xx_hal_cortex.o
 .debug_aranges
                0x00000000000003f8       0x90 ./Drivers/STM32F4xx_HAL_Driver/Src/stm32f4xx_hal_dma.o
 .debug_aranges
                0x0000000000000488       0x58 ./Drivers/STM32F4xx_HAL_Driver/Src/stm32f4xx_hal_gpio.o
 .debug_aranges
                0x00000000000004e0      0x2a0 ./Drivers/STM32F4xx_HAL_Driver/Src/stm32f4xx_hal_i2c.o
 .debug_aranges
                0x0000000000000780       0x88 ./Drivers/STM32F4xx_HAL_Driver/Src/stm32f4xx_hal_rcc.o
 .debug_aranges
                0x0000000000000808      0x3a8 ./Drivers/STM32F4xx_HAL_Driver/Src/stm32f4xx_hal_tim.o
 .debug_aranges
                0x0000000000000bb0      0x150 ./Drivers/STM32F4xx_HAL_Driver/Src/stm32f4xx_hal_tim_ex.o
 .debug_aranges
                0x0000000000000d00      0x1d0 ./Drivers/STM32F4xx_HAL_Driver/Src/stm32f4xx_hal_uart.o

.debug_ranges   0x0000000000000000      0xe20
 .debug_ranges  0x0000000000000000       0x98 ./Core/Src/main.o
 .debug_ranges  0x0000000000000098       0x58 ./Core/Src/stm32f4xx_hal_msp.o
 .debug_ranges  0x00000000000000f0       0x80 ./Core/Src/stm32f4xx_it.o
 .debug_ranges  0x0000000000000170       0x18 ./Core/Src/system_stm32f4xx.o
 .debug_ranges  0x0000000000000188       0x20 ./Core/Startup/startup_stm32f411retx.o
 .debug_ranges  0x00000000000001a8       0xe0 ./Drivers/STM32F4xx_HAL_Driver/Src/stm32f4xx_hal.o
 .debug_ranges  0x0000000000000288      0x108 ./Drivers/STM32F4xx_HAL_Driver/Src/stm32f4xx_hal_cortex.o
 .debug_ranges  0x0000000000000390       0x80 ./Drivers/STM32F4xx_HAL_Driver/Src/stm32f4xx_hal_dma.o
 .debug_ranges  0x0000000000000410       0x48 ./Drivers/STM32F4xx_HAL_Driver/Src/stm32f4xx_hal_gpio.o
 .debug_ranges  0x0000000000000458      0x2b8 ./Drivers/STM32F4xx_HAL_Driver/Src/stm32f4xx_hal_i2c.o
 .debug_ranges  0x0000000000000710       0x78 ./Drivers/STM32F4xx_HAL_Driver/Src/stm32f4xx_hal_rcc.o
 .debug_ranges  0x0000000000000788      0x398 ./Drivers/STM32F4xx_HAL_Driver/Src/stm32f4xx_hal_tim.o
 .debug_ranges  0x0000000000000b20      0x140 ./Drivers/STM32F4xx_HAL_Driver/Src/stm32f4xx_hal_tim_ex.o
 .debug_ranges  0x0000000000000c60      0x1c0 ./Drivers/STM32F4xx_HAL_Driver/Src/stm32f4xx_hal_uart.o

.debug_macro    0x0000000000000000    0x16550
 .debug_macro   0x0000000000000000      0x2b6 ./Core/Src/main.o
 .debug_macro   0x00000000000002b6      0xa78 ./Core/Src/main.o
 .debug_macro   0x0000000000000d2e      0x29a ./Core/Src/main.o
 .debug_macro   0x0000000000000fc8       0x2e ./Core/Src/main.o
 .debug_macro   0x0000000000000ff6       0x28 ./Core/Src/main.o
 .debug_macro   0x000000000000101e       0x22 ./Core/Src/main.o
 .debug_macro   0x0000000000001040       0x8e ./Core/Src/main.o
 .debug_macro   0x00000000000010ce       0x51 ./Core/Src/main.o
 .debug_macro   0x000000000000111f      0x103 ./Core/Src/main.o
 .debug_macro   0x0000000000001222       0x6a ./Core/Src/main.o
 .debug_macro   0x000000000000128c      0x1df ./Core/Src/main.o
 .debug_macro   0x000000000000146b       0x1c ./Core/Src/main.o
 .debug_macro   0x0000000000001487       0x22 ./Core/Src/main.o
 .debug_macro   0x00000000000014a9       0xd9 ./Core/Src/main.o
 .debug_macro   0x0000000000001582     0x102d ./Core/Src/main.o
 .debug_macro   0x00000000000025af      0x11f ./Core/Src/main.o
 .debug_macro   0x00000000000026ce     0xb937 ./Core/Src/main.o
 .debug_macro   0x000000000000e005       0x43 ./Core/Src/main.o
 .debug_macro   0x000000000000e048     0x3659 ./Core/Src/main.o
 .debug_macro   0x00000000000116a1      0x174 ./Core/Src/main.o
 .debug_macro   0x0000000000011815       0x5a ./Core/Src/main.o
 .debug_macro   0x000000000001186f      0x447 ./Core/Src/main.o
 .debug_macro   0x0000000000011cb6      0x9fe ./Core/Src/main.o
 .debug_macro   0x00000000000126b4      0x117 ./Core/Src/main.o
 .debug_macro   0x00000000000127cb      0x11b ./Core/Src/main.o
 .debug_macro   0x00000000000128e6       0x27 ./Core/Src/main.o
 .debug_macro   0x000000000001290d      0x15f ./Core/Src/main.o
 .debug_macro   0x0000000000012a6c      0x287 ./Core/Src/main.o
 .debug_macro   0x0000000000012cf3       0x5f ./Core/Src/main.o
 .debug_macro   0x0000000000012d52      0x236 ./Core/Src/main.o
 .debug_macro   0x0000000000012f88      0x132 ./Core/Src/main.o
 .debug_macro   0x00000000000130ba      0x264 ./Core/Src/main.o
 .debug_macro   0x000000000001331e       0x2e ./Core/Src/main.o
 .debug_macro   0x000000000001334c      0x1b5 ./Core/Src/main.o
 .debug_macro   0x0000000000013501       0x22 ./Core/Src/main.o
 .debug_macro   0x0000000000013523       0xd6 ./Core/Src/main.o
 .debug_macro   0x00000000000135f9      0x11a ./Core/Src/main.o
 .debug_macro   0x0000000000013713       0x85 ./Core/Src/main.o
 .debug_macro   0x0000000000013798       0x89 ./Core/Src/main.o
 .debug_macro   0x0000000000013821      0x8a0 ./Core/Src/main.o
 .debug_macro   0x00000000000140c1       0x47 ./Core/Src/main.o
 .debug_macro   0x0000000000014108      0x287 ./Core/Src/main.o
 .debug_macro   0x000000000001438f      0x126 ./Core/Src/main.o
 .debug_macro   0x00000000000144b5       0x28 ./Core/Src/main.o
 .debug_macro   0x00000000000144dd       0x52 ./Core/Src/main.o
 .debug_macro   0x000000000001452f       0x1e ./Core/Src/main.o
 .debug_macro   0x000000000001454d       0x3c ./Core/Src/main.o
 .debug_macro   0x0000000000014589       0x34 ./Core/Src/main.o
 .debug_macro   0x00000000000145bd       0x16 ./Core/Src/main.o
 .debug_macro   0x00000000000145d3       0x43 ./Core/Src/main.o
 .debug_macro   0x0000000000014616       0x34 ./Core/Src/main.o
 .debug_macro   0x000000000001464a       0x10 ./Core/Src/main.o
 .debug_macro   0x000000000001465a       0x58 ./Core/Src/main.o
 .debug_macro   0x00000000000146b2       0x71 ./Core/Src/main.o
 .debug_macro   0x0000000000014723       0x1c ./Core/Src/main.o
 .debug_macro   0x000000000001473f      0x12a ./Core/Src/main.o
 .debug_macro   0x0000000000014869      0x341 ./Core/Src/main.o
 .debug_macro   0x0000000000014baa      0x19b ./Core/Src/main.o
 .debug_macro   0x0000000000014d45      0x1f6 ./Core/Src/stm32f4xx_hal_msp.o
 .debug_macro   0x0000000000014f3b      0x200 ./Core/Src/stm32f4xx_it.o
 .debug_macro   0x000000000001513b      0x1ed ./Core/Src/system_stm32f4xx.o
 .debug_macro   0x0000000000015328      0x247 ./Drivers/STM32F4xx_HAL_Driver/Src/stm32f4xx_hal.o
 .debug_macro   0x000000000001556f      0x1e7 ./Drivers/STM32F4xx_HAL_Driver/Src/stm32f4xx_hal_cortex.o
 .debug_macro   0x0000000000015756      0x1ed ./Drivers/STM32F4xx_HAL_Driver/Src/stm32f4xx_hal_dma.o
 .debug_macro   0x0000000000015943      0x21d ./Drivers/STM32F4xx_HAL_Driver/Src/stm32f4xx_hal_gpio.o
 .debug_macro   0x0000000000015b60      0x22e ./Drivers/STM32F4xx_HAL_Driver/Src/stm32f4xx_hal_i2c.o
 .debug_macro   0x0000000000015d8e      0x20b ./Drivers/STM32F4xx_HAL_Driver/Src/stm32f4xx_hal_rcc.o
 .debug_macro   0x0000000000015f99      0x1e8 ./Drivers/STM32F4xx_HAL_Driver/Src/stm32f4xx_hal_tim.o
 .debug_macro   0x0000000000016181      0x1e7 ./Drivers/STM32F4xx_HAL_Driver/Src/stm32f4xx_hal_tim_ex.o
 .debug_macro   0x0000000000016368      0x1e8 ./Drivers/STM32F4xx_HAL_Driver/Src/stm32f4xx_hal_uart.o

.debug_line     0x0000000000000000     0xf6d1
 .debug_line    0x0000000000000000     0x15b5 ./Core/Src/main.o
 .debug_line    0x00000000000015b5      0x8dd ./Core/Src/stm32f4xx_hal_msp.o
 .debug_line    0x0000000000001e92      0x83b ./Core/Src/stm32f4xx_it.o
 .debug_line    0x00000000000026cd      0x770 ./Core/Src/system_stm32f4xx.o
 .debug_line    0x0000000000002e3d       0x85 ./Core/Startup/startup_stm32f411retx.o
 .debug_line    0x0000000000002ec2      0x9d0 ./Drivers/STM32F4xx_HAL_Driver/Src/stm32f4xx_hal.o
 .debug_line    0x0000000000003892      0xc7f ./Drivers/STM32F4xx_HAL_Driver/Src/stm32f4xx_hal_cortex.o
 .debug_line    0x0000000000004511      0xf3b ./Drivers/STM32F4xx_HAL_Driver/Src/stm32f4xx_hal_dma.o
 .debug_line    0x000000000000544c      0xb1c ./Drivers/STM32F4xx_HAL_Driver/Src/stm32f4xx_hal_gpio.o
 .debug_line    0x0000000000005f68     0x388c ./Drivers/STM32F4xx_HAL_Driver/Src/stm32f4xx_hal_i2c.o
 .debug_line    0x00000000000097f4      0xd35 ./Drivers/STM32F4xx_HAL_Driver/Src/stm32f4xx_hal_rcc.o
 .debug_line    0x000000000000a529     0x280a ./Drivers/STM32F4xx_HAL_Driver/Src/stm32f4xx_hal_tim.o
 .debug_line    0x000000000000cd33     0x11b6 ./Drivers/STM32F4xx_HAL_Driver/Src/stm32f4xx_hal_tim_ex.o
 .debug_line    0x000000000000dee9     0x17e8 ./Drivers/STM32F4xx_HAL_Driver/Src/stm32f4xx_hal_uart.o

.debug_str      0x0000000000000000    0x8ec04
 .debug_str     0x0000000000000000    0x8b997 ./Core/Src/main.o
                                      0x8bd81 (size before relaxing)
 .debug_str     0x000000000008b997      0x14f ./Core/Src/stm32f4xx_hal_msp.o
                                      0x87e75 (size before relaxing)
 .debug_str     0x000000000008bae6      0x1b9 ./Core/Src/stm32f4xx_it.o
                                      0x87940 (size before relaxing)
 .debug_str     0x000000000008bc9f       0xf0 ./Core/Src/system_stm32f4xx.o
                                      0x8708a (size before relaxing)
 .debug_str     0x000000000008bd8f       0x36 ./Core/Startup/startup_stm32f411retx.o
                                         0x59 (size before relaxing)
 .debug_str     0x000000000008bdc5      0x5f0 ./Drivers/STM32F4xx_HAL_Driver/Src/stm32f4xx_hal.o
                                      0x87aa1 (size before relaxing)
 .debug_str     0x000000000008c3b5      0x323 ./Drivers/STM32F4xx_HAL_Driver/Src/stm32f4xx_hal_cortex.o
                                      0x877c2 (size before relaxing)
 .debug_str     0x000000000008c6d8      0x2ee ./Drivers/STM32F4xx_HAL_Driver/Src/stm32f4xx_hal_dma.o
                                      0x8747d (size before relaxing)
 .debug_str     0x000000000008c9c6      0x184 ./Drivers/STM32F4xx_HAL_Driver/Src/stm32f4xx_hal_gpio.o
                                      0x8729d (size before relaxing)
 .debug_str     0x000000000008cb4a      0xa79 ./Drivers/STM32F4xx_HAL_Driver/Src/stm32f4xx_hal_i2c.o
                                      0x88033 (size before relaxing)
 .debug_str     0x000000000008d5c3      0x208 ./Drivers/STM32F4xx_HAL_Driver/Src/stm32f4xx_hal_rcc.o
                                      0x874a9 (size before relaxing)
 .debug_str     0x000000000008d7cb      0xb49 ./Drivers/STM32F4xx_HAL_Driver/Src/stm32f4xx_hal_tim.o
                                      0x881cf (size before relaxing)
 .debug_str     0x000000000008e314      0x447 ./Drivers/STM32F4xx_HAL_Driver/Src/stm32f4xx_hal_tim_ex.o
                                      0x87a18 (size before relaxing)
 .debug_str     0x000000000008e75b      0x4a9 ./Drivers/STM32F4xx_HAL_Driver/Src/stm32f4xx_hal_uart.o
                                      0x8790f (size before relaxing)

.comment        0x0000000000000000       0x50
 .comment       0x0000000000000000       0x50 ./Core/Src/main.o
                                         0x51 (size before relaxing)
 .comment       0x0000000000000050       0x51 ./Core/Src/stm32f4xx_hal_msp.o
 .comment       0x0000000000000050       0x51 ./Core/Src/stm32f4xx_it.o
 .comment       0x0000000000000050       0x51 ./Core/Src/system_stm32f4xx.o
 .comment       0x0000000000000050       0x51 ./Drivers/STM32F4xx_HAL_Driver/Src/stm32f4xx_hal.o
 .comment       0x0000000000000050       0x51 ./Drivers/STM32F4xx_HAL_Driver/Src/stm32f4xx_hal_cortex.o
 .comment       0x0000000000000050       0x51 ./Drivers/STM32F4xx_HAL_Driver/Src/stm32f4xx_hal_dma.o
 .comment       0x0000000000000050       0x51 ./Drivers/STM32F4xx_HAL_Driver/Src/stm32f4xx_hal_gpio.o
 .comment       0x0000000000000050       0x51 ./Drivers/STM32F4xx_HAL_Driver/Src/stm32f4xx_hal_i2c.o
 .comment       0x0000000000000050       0x51 ./Drivers/STM32F4xx_HAL_Driver/Src/stm32f4xx_hal_rcc.o
 .comment       0x0000000000000050       0x51 ./Drivers/STM32F4xx_HAL_Driver/Src/stm32f4xx_hal_tim.o
 .comment       0x0000000000000050       0x51 ./Drivers/STM32F4xx_HAL_Driver/Src/stm32f4xx_hal_tim_ex.o
 .comment       0x0000000000000050       0x51 ./Drivers/STM32F4xx_HAL_Driver/Src/stm32f4xx_hal_uart.o

.debug_frame    0x0000000000000000     0x4294
 .debug_frame   0x0000000000000000      0x2ac ./Core/Src/main.o
 .debug_frame   0x00000000000002ac      0x178 ./Core/Src/stm32f4xx_hal_msp.o
 .debug_frame   0x0000000000000424      0x1ac ./Core/Src/stm32f4xx_it.o
 .debug_frame   0x00000000000005d0       0x58 ./Core/Src/system_stm32f4xx.o
 .debug_frame   0x0000000000000628      0x374 ./Drivers/STM32F4xx_HAL_Driver/Src/stm32f4xx_hal.o
 .debug_frame   0x000000000000099c      0x498 ./Drivers/STM32F4xx_HAL_Driver/Src/stm32f4xx_hal_cortex.o
 .debug_frame   0x0000000000000e34      0x250 ./Drivers/STM32F4xx_HAL_Driver/Src/stm32f4xx_hal_dma.o
 .debug_frame   0x0000000000001084      0x14c ./Drivers/STM32F4xx_HAL_Driver/Src/stm32f4xx_hal_gpio.o
 .debug_frame   0x00000000000011d0      0xc5c ./Drivers/STM32F4xx_HAL_Driver/Src/stm32f4xx_hal_i2c.o
 .debug_frame   0x0000000000001e2c      0x1f4 ./Drivers/STM32F4xx_HAL_Driver/Src/stm32f4xx_hal_rcc.o
 .debug_frame   0x0000000000002020     0x10e8 ./Drivers/STM32F4xx_HAL_Driver/Src/stm32f4xx_hal_tim.o
 .debug_frame   0x0000000000003108      0x5c0 ./Drivers/STM32F4xx_HAL_Driver/Src/stm32f4xx_hal_tim_ex.o
 .debug_frame   0x00000000000036c8      0x844 ./Drivers/STM32F4xx_HAL_Driver/Src/stm32f4xx_hal_uart.o
 .debug_frame   0x0000000000003f0c       0x20 c:/st/stm32cubeide_1.9.0/stm32cubeide/plugins/com.st.stm32cube.ide.mcu.externaltools.gnu-tools-for-stm32.10.3-2021.10.win32_1.0.0.202111181127/tools/bin/../lib/gcc/arm-none-eabi/10.3.1/../../../../arm-none-eabi/lib/thumb/v7e-m+fp/hard\libc_nano.a(lib_a-errno.o)
 .debug_frame   0x0000000000003f2c       0x2c c:/st/stm32cubeide_1.9.0/stm32cubeide/plugins/com.st.stm32cube.ide.mcu.externaltools.gnu-tools-for-stm32.10.3-2021.10.win32_1.0.0.202111181127/tools/bin/../lib/gcc/arm-none-eabi/10.3.1/../../../../arm-none-eabi/lib/thumb/v7e-m+fp/hard\libc_nano.a(lib_a-init.o)
 .debug_frame   0x0000000000003f58       0x20 c:/st/stm32cubeide_1.9.0/stm32cubeide/plugins/com.st.stm32cube.ide.mcu.externaltools.gnu-tools-for-stm32.10.3-2021.10.win32_1.0.0.202111181127/tools/bin/../lib/gcc/arm-none-eabi/10.3.1/../../../../arm-none-eabi/lib/thumb/v7e-m+fp/hard\libc_nano.a(lib_a-memset.o)
 .debug_frame   0x0000000000003f78       0x3c c:/st/stm32cubeide_1.9.0/stm32cubeide/plugins/com.st.stm32cube.ide.mcu.externaltools.gnu-tools-for-stm32.10.3-2021.10.win32_1.0.0.202111181127/tools/bin/../lib/gcc/arm-none-eabi/10.3.1/../../../../arm-none-eabi/lib/thumb/v7e-m+fp/hard\libm.a(lib_a-w_sqrt.o)
 .debug_frame   0x0000000000003fb4       0x30 c:/st/stm32cubeide_1.9.0/stm32cubeide/plugins/com.st.stm32cube.ide.mcu.externaltools.gnu-tools-for-stm32.10.3-2021.10.win32_1.0.0.202111181127/tools/bin/../lib/gcc/arm-none-eabi/10.3.1/../../../../arm-none-eabi/lib/thumb/v7e-m+fp/hard\libm.a(lib_a-e_sqrt.o)
 .debug_frame   0x0000000000003fe4       0xac c:/st/stm32cubeide_1.9.0/stm32cubeide/plugins/com.st.stm32cube.ide.mcu.externaltools.gnu-tools-for-stm32.10.3-2021.10.win32_1.0.0.202111181127/tools/bin/../lib/gcc/arm-none-eabi/10.3.1/thumb/v7e-m+fp/hard\libgcc.a(_arm_addsubdf3.o)
 .debug_frame   0x0000000000004090       0x50 c:/st/stm32cubeide_1.9.0/stm32cubeide/plugins/com.st.stm32cube.ide.mcu.externaltools.gnu-tools-for-stm32.10.3-2021.10.win32_1.0.0.202111181127/tools/bin/../lib/gcc/arm-none-eabi/10.3.1/thumb/v7e-m+fp/hard\libgcc.a(_arm_muldivdf3.o)
 .debug_frame   0x00000000000040e0       0xc4 c:/st/stm32cubeide_1.9.0/stm32cubeide/plugins/com.st.stm32cube.ide.mcu.externaltools.gnu-tools-for-stm32.10.3-2021.10.win32_1.0.0.202111181127/tools/bin/../lib/gcc/arm-none-eabi/10.3.1/thumb/v7e-m+fp/hard\libgcc.a(_arm_cmpdf2.o)
 .debug_frame   0x00000000000041a4       0x20 c:/st/stm32cubeide_1.9.0/stm32cubeide/plugins/com.st.stm32cube.ide.mcu.externaltools.gnu-tools-for-stm32.10.3-2021.10.win32_1.0.0.202111181127/tools/bin/../lib/gcc/arm-none-eabi/10.3.1/thumb/v7e-m+fp/hard\libgcc.a(_arm_unorddf2.o)
 .debug_frame   0x00000000000041c4       0x24 c:/st/stm32cubeide_1.9.0/stm32cubeide/plugins/com.st.stm32cube.ide.mcu.externaltools.gnu-tools-for-stm32.10.3-2021.10.win32_1.0.0.202111181127/tools/bin/../lib/gcc/arm-none-eabi/10.3.1/thumb/v7e-m+fp/hard\libgcc.a(_arm_truncdfsf2.o)
 .debug_frame   0x00000000000041e8       0x4c c:/st/stm32cubeide_1.9.0/stm32cubeide/plugins/com.st.stm32cube.ide.mcu.externaltools.gnu-tools-for-stm32.10.3-2021.10.win32_1.0.0.202111181127/tools/bin/../lib/gcc/arm-none-eabi/10.3.1/thumb/v7e-m+fp/hard\libgcc.a(_arm_addsubsf3.o)