../Core/Src/main.c:215:5:main	56	static
../Core/Src/main.c:663:6:SystemClock_Config	88	static
../Core/Src/main.c:708:13:MX_I2C1_Init	8	static
../Core/Src/main.c:742:13:MX_TIM1_Init	56	static
../Core/Src/main.c:792:13:MX_TIM2_Init	64	static
../Core/Src/main.c:855:13:MX_TIM4_Init	64	static
../Core/Src/main.c:914:13:MX_TIM5_Init	32	static
../Core/Src/main.c:959:13:MX_USART2_UART_Init	8	static
../Core/Src/main.c:990:13:MX_DMA_Init	16	static
../Core/Src/main.c:1008:13:MX_GPIO_Init	48	static
../Core/Src/main.c:1059:6:uartprotocol	64	static
../Core/Src/main.c:1322:6:sendAck	16	static
../Core/Src/main.c:1343:6:EndEffector	8	static
../Core/Src/main.c:1353:6:HAL_GPIO_EXTI_Callback	16	static
../Core/Src/main.c:1363:7:EncoderVelocity_Update	48	static
../Core/Src/main.c:1394:6:HAL_TIM_PeriodElapsedCallback	24	static
../Core/Src/main.c:1399:10:micros	12	static
../Core/Src/main.c:1408:6:Error_Handler	4	static,ignoring_inline_asm
